[0.054s] Invoking command in '/home/v120506/rmitbot_v4/lesson6_ws/build/rmitbot_localization': CMAKE_PREFIX_PATH=${CMAKE_PREFIX_PATH}:/opt/ros/jazzy DEBUGINFOD_URLS=https://debuginfod.ubuntu.com /usr/bin/cmake --build /home/v120506/rmitbot_v4/lesson6_ws/build/rmitbot_localization -- -j8 -l8
[0.134s] -- Found ament_cmake: 2.5.4 (/opt/ros/jazzy/share/ament_cmake/cmake)
[0.498s] -- Found nav_msgs: 5.3.6 (/opt/ros/jazzy/share/nav_msgs/cmake)
[0.553s] -- Found rosidl_generator_c: 4.6.6 (/opt/ros/jazzy/share/rosidl_generator_c/cmake)
[0.566s] -- Found rosidl_generator_cpp: 4.6.6 (/opt/ros/jazzy/share/rosidl_generator_cpp/cmake)
[0.588s] -- Using all available rosidl_typesupport_c: rosidl_typesupport_fastrtps_c;rosidl_typesupport_introspection_c
[0.616s] -- Using all available rosidl_typesupport_cpp: rosidl_typesupport_fastrtps_cpp;rosidl_typesupport_introspection_cpp
[0.771s] -- Found sensor_msgs: 5.3.6 (/opt/ros/jazzy/share/sensor_msgs/cmake)
[0.971s] -- Configuring done (0.9s)
[0.983s] -- Generating done (0.0s)
[0.986s] -- Build files have been written to: /home/v120506/rmitbot_v4/lesson6_ws/build/rmitbot_localization
[1.017s] Invoked command in '/home/v120506/rmitbot_v4/lesson6_ws/build/rmitbot_localization' returned '0': CMAKE_PREFIX_PATH=${CMAKE_PREFIX_PATH}:/opt/ros/jazzy DEBUGINFOD_URLS=https://debuginfod.ubuntu.com /usr/bin/cmake --build /home/v120506/rmitbot_v4/lesson6_ws/build/rmitbot_localization -- -j8 -l8
[1.019s] Invoking command in '/home/v120506/rmitbot_v4/lesson6_ws/build/rmitbot_localization': CMAKE_PREFIX_PATH=${CMAKE_PREFIX_PATH}:/opt/ros/jazzy DEBUGINFOD_URLS=https://debuginfod.ubuntu.com /usr/bin/cmake --install /home/v120506/rmitbot_v4/lesson6_ws/build/rmitbot_localization
[1.033s] -- Install configuration: ""
[1.033s] -- Up-to-date: /home/v120506/rmitbot_v4/lesson6_ws/install/rmitbot_localization/share/rmitbot_localization/launch
[1.033s] -- Up-to-date: /home/v120506/rmitbot_v4/lesson6_ws/install/rmitbot_localization/share/rmitbot_localization/launch/localization.launch.py
[1.033s] -- Up-to-date: /home/v120506/rmitbot_v4/lesson6_ws/install/rmitbot_localization/share/rmitbot_localization/config
[1.033s] -- Up-to-date: /home/v120506/rmitbot_v4/lesson6_ws/install/rmitbot_localization/share/rmitbot_localization/config/ekf.yaml
[1.033s] -- Up-to-date: /home/v120506/rmitbot_v4/lesson6_ws/install/rmitbot_localization/share/ament_index/resource_index/package_run_dependencies/rmitbot_localization
[1.033s] -- Installing: /home/v120506/rmitbot_v4/lesson6_ws/install/rmitbot_localization/share/ament_index/resource_index/parent_prefix_path/rmitbot_localization
[1.034s] -- Up-to-date: /home/v120506/rmitbot_v4/lesson6_ws/install/rmitbot_localization/share/rmitbot_localization/environment/ament_prefix_path.sh
[1.034s] -- Up-to-date: /home/v120506/rmitbot_v4/lesson6_ws/install/rmitbot_localization/share/rmitbot_localization/environment/ament_prefix_path.dsv
[1.034s] -- Up-to-date: /home/v120506/rmitbot_v4/lesson6_ws/install/rmitbot_localization/share/rmitbot_localization/environment/path.sh
[1.034s] -- Up-to-date: /home/v120506/rmitbot_v4/lesson6_ws/install/rmitbot_localization/share/rmitbot_localization/environment/path.dsv
[1.034s] -- Up-to-date: /home/v120506/rmitbot_v4/lesson6_ws/install/rmitbot_localization/share/rmitbot_localization/local_setup.bash
[1.034s] -- Up-to-date: /home/v120506/rmitbot_v4/lesson6_ws/install/rmitbot_localization/share/rmitbot_localization/local_setup.sh
[1.034s] -- Up-to-date: /home/v120506/rmitbot_v4/lesson6_ws/install/rmitbot_localization/share/rmitbot_localization/local_setup.zsh
[1.034s] -- Up-to-date: /home/v120506/rmitbot_v4/lesson6_ws/install/rmitbot_localization/share/rmitbot_localization/local_setup.dsv
[1.035s] -- Installing: /home/v120506/rmitbot_v4/lesson6_ws/install/rmitbot_localization/share/rmitbot_localization/package.dsv
[1.035s] -- Up-to-date: /home/v120506/rmitbot_v4/lesson6_ws/install/rmitbot_localization/share/ament_index/resource_index/packages/rmitbot_localization
[1.035s] -- Up-to-date: /home/v120506/rmitbot_v4/lesson6_ws/install/rmitbot_localization/share/rmitbot_localization/cmake/rmitbot_localizationConfig.cmake
[1.035s] -- Up-to-date: /home/v120506/rmitbot_v4/lesson6_ws/install/rmitbot_localization/share/rmitbot_localization/cmake/rmitbot_localizationConfig-version.cmake
[1.035s] -- Up-to-date: /home/v120506/rmitbot_v4/lesson6_ws/install/rmitbot_localization/share/rmitbot_localization/package.xml
[1.036s] Invoked command in '/home/v120506/rmitbot_v4/lesson6_ws/build/rmitbot_localization' returned '0': CMAKE_PREFIX_PATH=${CMAKE_PREFIX_PATH}:/opt/ros/jazzy DEBUGINFOD_URLS=https://debuginfod.ubuntu.com /usr/bin/cmake --install /home/v120506/rmitbot_v4/lesson6_ws/build/rmitbot_localization
