[0.119s] [34mcolcon[0m [1;30mDEBUG[0m [32mCommand line arguments: ['/usr/bin/colcon', 'build'][0m
[0.119s] [34mcolcon[0m [1;30mDEBUG[0m [32mParsed command line arguments: Namespace(log_base=None, log_level=None, verb_name='build', build_base='build', install_base='install', merge_install=False, symlink_install=False, test_result_base=None, continue_on_error=False, executor='parallel', parallel_workers=8, event_handlers=None, ignore_user_meta=False, metas=['./colcon.meta'], base_paths=['.'], packages_ignore=None, packages_ignore_regex=None, paths=None, packages_up_to=None, packages_up_to_regex=None, packages_above=None, packages_above_and_dependencies=None, packages_above_depth=None, packages_select_by_dep=None, packages_skip_by_dep=None, packages_skip_up_to=None, packages_select_build_failed=False, packages_skip_build_finished=False, packages_select_test_failures=False, packages_skip_test_passed=False, packages_select=None, packages_skip=None, packages_select_regex=None, packages_skip_regex=None, packages_start=None, packages_end=None, allow_overriding=[], cmake_args=None, cmake_target=None, cmake_target_skip_unavailable=False, cmake_clean_cache=False, cmake_clean_first=False, cmake_force_configure=False, ament_cmake_args=None, catkin_cmake_args=None, catkin_skip_building_tests=False, mixin_files=None, mixin=None, verb_parser=<colcon_mixin.mixin.mixin_argument.MixinArgumentDecorator object at 0x7be8832278c0>, verb_extension=<colcon_core.verb.build.BuildVerb object at 0x7be88334f8c0>, main=<bound method BuildVerb.main of <colcon_core.verb.build.BuildVerb object at 0x7be88334f8c0>>, mixin_verb=('build',))[0m
[0.167s] [34mcolcon.colcon_core.package_discovery[0m [1;30mLevel 1[0m discover_packages(colcon_meta) check parameters
[0.167s] [34mcolcon.colcon_core.package_discovery[0m [1;30mLevel 1[0m discover_packages(recursive) check parameters
[0.167s] [34mcolcon.colcon_core.package_discovery[0m [1;30mLevel 1[0m discover_packages(ignore) check parameters
[0.167s] [34mcolcon.colcon_core.package_discovery[0m [1;30mLevel 1[0m discover_packages(path) check parameters
[0.167s] [34mcolcon.colcon_core.package_discovery[0m [1;30mLevel 1[0m discover_packages(colcon_meta) discover
[0.167s] [34mcolcon.colcon_core.package_discovery[0m [1;30mLevel 1[0m discover_packages(recursive) discover
[0.167s] [34mcolcon.colcon_core.package_discovery[0m [1;30mINFO[0m Crawling recursively for packages in '/home/v120506/rmitbot_v4/lesson6_ws'
[0.167s] [34mcolcon.colcon_core.package_identification[0m [1;30mLevel 1[0m _identify(.) by extensions ['ignore', 'ignore_ament_install']
[0.167s] [34mcolcon.colcon_core.package_identification[0m [1;30mLevel 1[0m _identify(.) by extension 'ignore'
[0.167s] [34mcolcon.colcon_core.package_identification[0m [1;30mLevel 1[0m _identify(.) by extension 'ignore_ament_install'
[0.168s] [34mcolcon.colcon_core.package_identification[0m [1;30mLevel 1[0m _identify(.) by extensions ['colcon_pkg']
[0.168s] [34mcolcon.colcon_core.package_identification[0m [1;30mLevel 1[0m _identify(.) by extension 'colcon_pkg'
[0.168s] [34mcolcon.colcon_core.package_identification[0m [1;30mLevel 1[0m _identify(.) by extensions ['colcon_meta']
[0.168s] [34mcolcon.colcon_core.package_identification[0m [1;30mLevel 1[0m _identify(.) by extension 'colcon_meta'
[0.168s] [34mcolcon.colcon_core.package_identification[0m [1;30mLevel 1[0m _identify(.) by extensions ['ros']
[0.168s] [34mcolcon.colcon_core.package_identification[0m [1;30mLevel 1[0m _identify(.) by extension 'ros'
[0.187s] [34mcolcon.colcon_core.package_identification[0m [1;30mLevel 1[0m _identify(.) by extensions ['cmake', 'python']
[0.187s] [34mcolcon.colcon_core.package_identification[0m [1;30mLevel 1[0m _identify(.) by extension 'cmake'
[0.187s] [34mcolcon.colcon_core.package_identification[0m [1;30mLevel 1[0m _identify(.) by extension 'python'
[0.187s] [34mcolcon.colcon_core.package_identification[0m [1;30mLevel 1[0m _identify(.) by extensions ['python_setup_py']
[0.187s] [34mcolcon.colcon_core.package_identification[0m [1;30mLevel 1[0m _identify(.) by extension 'python_setup_py'
[0.187s] [34mcolcon.colcon_core.package_identification[0m [1;30mLevel 1[0m _identify(build) by extensions ['ignore', 'ignore_ament_install']
[0.187s] [34mcolcon.colcon_core.package_identification[0m [1;30mLevel 1[0m _identify(build) by extension 'ignore'
[0.187s] [34mcolcon.colcon_core.package_identification[0m [1;30mLevel 1[0m _identify(build) ignored
[0.187s] [34mcolcon.colcon_core.package_identification[0m [1;30mLevel 1[0m _identify(install) by extensions ['ignore', 'ignore_ament_install']
[0.187s] [34mcolcon.colcon_core.package_identification[0m [1;30mLevel 1[0m _identify(install) by extension 'ignore'
[0.187s] [34mcolcon.colcon_core.package_identification[0m [1;30mLevel 1[0m _identify(install) ignored
[0.188s] [34mcolcon.colcon_core.package_identification[0m [1;30mLevel 1[0m _identify(log) by extensions ['ignore', 'ignore_ament_install']
[0.188s] [34mcolcon.colcon_core.package_identification[0m [1;30mLevel 1[0m _identify(log) by extension 'ignore'
[0.188s] [34mcolcon.colcon_core.package_identification[0m [1;30mLevel 1[0m _identify(log) ignored
[0.188s] [34mcolcon.colcon_core.package_identification[0m [1;30mLevel 1[0m _identify(src) by extensions ['ignore', 'ignore_ament_install']
[0.188s] [34mcolcon.colcon_core.package_identification[0m [1;30mLevel 1[0m _identify(src) by extension 'ignore'
[0.188s] [34mcolcon.colcon_core.package_identification[0m [1;30mLevel 1[0m _identify(src) by extension 'ignore_ament_install'
[0.188s] [34mcolcon.colcon_core.package_identification[0m [1;30mLevel 1[0m _identify(src) by extensions ['colcon_pkg']
[0.188s] [34mcolcon.colcon_core.package_identification[0m [1;30mLevel 1[0m _identify(src) by extension 'colcon_pkg'
[0.188s] [34mcolcon.colcon_core.package_identification[0m [1;30mLevel 1[0m _identify(src) by extensions ['colcon_meta']
[0.188s] [34mcolcon.colcon_core.package_identification[0m [1;30mLevel 1[0m _identify(src) by extension 'colcon_meta'
[0.188s] [34mcolcon.colcon_core.package_identification[0m [1;30mLevel 1[0m _identify(src) by extensions ['ros']
[0.188s] [34mcolcon.colcon_core.package_identification[0m [1;30mLevel 1[0m _identify(src) by extension 'ros'
[0.188s] [34mcolcon.colcon_core.package_identification[0m [1;30mLevel 1[0m _identify(src) by extensions ['cmake', 'python']
[0.188s] [34mcolcon.colcon_core.package_identification[0m [1;30mLevel 1[0m _identify(src) by extension 'cmake'
[0.188s] [34mcolcon.colcon_core.package_identification[0m [1;30mLevel 1[0m _identify(src) by extension 'python'
[0.188s] [34mcolcon.colcon_core.package_identification[0m [1;30mLevel 1[0m _identify(src) by extensions ['python_setup_py']
[0.188s] [34mcolcon.colcon_core.package_identification[0m [1;30mLevel 1[0m _identify(src) by extension 'python_setup_py'
[0.188s] [34mcolcon.colcon_core.package_identification[0m [1;30mLevel 1[0m _identify(src/rmitbot_bringup) by extensions ['ignore', 'ignore_ament_install']
[0.188s] [34mcolcon.colcon_core.package_identification[0m [1;30mLevel 1[0m _identify(src/rmitbot_bringup) by extension 'ignore'
[0.188s] [34mcolcon.colcon_core.package_identification[0m [1;30mLevel 1[0m _identify(src/rmitbot_bringup) by extension 'ignore_ament_install'
[0.188s] [34mcolcon.colcon_core.package_identification[0m [1;30mLevel 1[0m _identify(src/rmitbot_bringup) by extensions ['colcon_pkg']
[0.188s] [34mcolcon.colcon_core.package_identification[0m [1;30mLevel 1[0m _identify(src/rmitbot_bringup) by extension 'colcon_pkg'
[0.188s] [34mcolcon.colcon_core.package_identification[0m [1;30mLevel 1[0m _identify(src/rmitbot_bringup) by extensions ['colcon_meta']
[0.188s] [34mcolcon.colcon_core.package_identification[0m [1;30mLevel 1[0m _identify(src/rmitbot_bringup) by extension 'colcon_meta'
[0.188s] [34mcolcon.colcon_core.package_identification[0m [1;30mLevel 1[0m _identify(src/rmitbot_bringup) by extensions ['ros']
[0.188s] [34mcolcon.colcon_core.package_identification[0m [1;30mLevel 1[0m _identify(src/rmitbot_bringup) by extension 'ros'
[0.190s] [34mcolcon.colcon_core.package_identification[0m [1;30mDEBUG[0m [32mPackage 'src/rmitbot_bringup' with type 'ros.ament_cmake' and name 'rmitbot_bringup'[0m
[0.191s] [34mcolcon.colcon_core.package_identification[0m [1;30mLevel 1[0m _identify(src/rmitbot_controller) by extensions ['ignore', 'ignore_ament_install']
[0.191s] [34mcolcon.colcon_core.package_identification[0m [1;30mLevel 1[0m _identify(src/rmitbot_controller) by extension 'ignore'
[0.191s] [34mcolcon.colcon_core.package_identification[0m [1;30mLevel 1[0m _identify(src/rmitbot_controller) by extension 'ignore_ament_install'
[0.191s] [34mcolcon.colcon_core.package_identification[0m [1;30mLevel 1[0m _identify(src/rmitbot_controller) by extensions ['colcon_pkg']
[0.191s] [34mcolcon.colcon_core.package_identification[0m [1;30mLevel 1[0m _identify(src/rmitbot_controller) by extension 'colcon_pkg'
[0.191s] [34mcolcon.colcon_core.package_identification[0m [1;30mLevel 1[0m _identify(src/rmitbot_controller) by extensions ['colcon_meta']
[0.191s] [34mcolcon.colcon_core.package_identification[0m [1;30mLevel 1[0m _identify(src/rmitbot_controller) by extension 'colcon_meta'
[0.191s] [34mcolcon.colcon_core.package_identification[0m [1;30mLevel 1[0m _identify(src/rmitbot_controller) by extensions ['ros']
[0.191s] [34mcolcon.colcon_core.package_identification[0m [1;30mLevel 1[0m _identify(src/rmitbot_controller) by extension 'ros'
[0.191s] [34mcolcon.colcon_core.package_identification[0m [1;30mDEBUG[0m [32mPackage 'src/rmitbot_controller' with type 'ros.ament_cmake' and name 'rmitbot_controller'[0m
[0.192s] [34mcolcon.colcon_core.package_identification[0m [1;30mLevel 1[0m _identify(src/rmitbot_description) by extensions ['ignore', 'ignore_ament_install']
[0.192s] [34mcolcon.colcon_core.package_identification[0m [1;30mLevel 1[0m _identify(src/rmitbot_description) by extension 'ignore'
[0.192s] [34mcolcon.colcon_core.package_identification[0m [1;30mLevel 1[0m _identify(src/rmitbot_description) by extension 'ignore_ament_install'
[0.192s] [34mcolcon.colcon_core.package_identification[0m [1;30mLevel 1[0m _identify(src/rmitbot_description) by extensions ['colcon_pkg']
[0.192s] [34mcolcon.colcon_core.package_identification[0m [1;30mLevel 1[0m _identify(src/rmitbot_description) by extension 'colcon_pkg'
[0.192s] [34mcolcon.colcon_core.package_identification[0m [1;30mLevel 1[0m _identify(src/rmitbot_description) by extensions ['colcon_meta']
[0.192s] [34mcolcon.colcon_core.package_identification[0m [1;30mLevel 1[0m _identify(src/rmitbot_description) by extension 'colcon_meta'
[0.192s] [34mcolcon.colcon_core.package_identification[0m [1;30mLevel 1[0m _identify(src/rmitbot_description) by extensions ['ros']
[0.192s] [34mcolcon.colcon_core.package_identification[0m [1;30mLevel 1[0m _identify(src/rmitbot_description) by extension 'ros'
[0.192s] [34mcolcon.colcon_core.package_identification[0m [1;30mDEBUG[0m [32mPackage 'src/rmitbot_description' with type 'ros.ament_cmake' and name 'rmitbot_description'[0m
[0.193s] [34mcolcon.colcon_core.package_identification[0m [1;30mLevel 1[0m _identify(src/rmitbot_localization) by extensions ['ignore', 'ignore_ament_install']
[0.193s] [34mcolcon.colcon_core.package_identification[0m [1;30mLevel 1[0m _identify(src/rmitbot_localization) by extension 'ignore'
[0.193s] [34mcolcon.colcon_core.package_identification[0m [1;30mLevel 1[0m _identify(src/rmitbot_localization) by extension 'ignore_ament_install'
[0.193s] [34mcolcon.colcon_core.package_identification[0m [1;30mLevel 1[0m _identify(src/rmitbot_localization) by extensions ['colcon_pkg']
[0.193s] [34mcolcon.colcon_core.package_identification[0m [1;30mLevel 1[0m _identify(src/rmitbot_localization) by extension 'colcon_pkg'
[0.193s] [34mcolcon.colcon_core.package_identification[0m [1;30mLevel 1[0m _identify(src/rmitbot_localization) by extensions ['colcon_meta']
[0.193s] [34mcolcon.colcon_core.package_identification[0m [1;30mLevel 1[0m _identify(src/rmitbot_localization) by extension 'colcon_meta'
[0.193s] [34mcolcon.colcon_core.package_identification[0m [1;30mLevel 1[0m _identify(src/rmitbot_localization) by extensions ['ros']
[0.193s] [34mcolcon.colcon_core.package_identification[0m [1;30mLevel 1[0m _identify(src/rmitbot_localization) by extension 'ros'
[0.193s] [34mcolcon.colcon_core.package_identification[0m [1;30mDEBUG[0m [32mPackage 'src/rmitbot_localization' with type 'ros.ament_cmake' and name 'rmitbot_localization'[0m
[0.193s] [34mcolcon.colcon_core.package_identification[0m [1;30mLevel 1[0m _identify(src/rmitbot_mapping) by extensions ['ignore', 'ignore_ament_install']
[0.194s] [34mcolcon.colcon_core.package_identification[0m [1;30mLevel 1[0m _identify(src/rmitbot_mapping) by extension 'ignore'
[0.194s] [34mcolcon.colcon_core.package_identification[0m [1;30mLevel 1[0m _identify(src/rmitbot_mapping) by extension 'ignore_ament_install'
[0.194s] [34mcolcon.colcon_core.package_identification[0m [1;30mLevel 1[0m _identify(src/rmitbot_mapping) by extensions ['colcon_pkg']
[0.194s] [34mcolcon.colcon_core.package_identification[0m [1;30mLevel 1[0m _identify(src/rmitbot_mapping) by extension 'colcon_pkg'
[0.194s] [34mcolcon.colcon_core.package_identification[0m [1;30mLevel 1[0m _identify(src/rmitbot_mapping) by extensions ['colcon_meta']
[0.194s] [34mcolcon.colcon_core.package_identification[0m [1;30mLevel 1[0m _identify(src/rmitbot_mapping) by extension 'colcon_meta'
[0.194s] [34mcolcon.colcon_core.package_identification[0m [1;30mLevel 1[0m _identify(src/rmitbot_mapping) by extensions ['ros']
[0.194s] [34mcolcon.colcon_core.package_identification[0m [1;30mLevel 1[0m _identify(src/rmitbot_mapping) by extension 'ros'
[0.194s] [34mcolcon.colcon_core.package_identification[0m [1;30mDEBUG[0m [32mPackage 'src/rmitbot_mapping' with type 'ros.ament_cmake' and name 'rmitbot_mapping'[0m
[0.194s] [34mcolcon.colcon_core.package_identification[0m [1;30mLevel 1[0m _identify(src/rmitbot_navigation) by extensions ['ignore', 'ignore_ament_install']
[0.195s] [34mcolcon.colcon_core.package_identification[0m [1;30mLevel 1[0m _identify(src/rmitbot_navigation) by extension 'ignore'
[0.195s] [34mcolcon.colcon_core.package_identification[0m [1;30mLevel 1[0m _identify(src/rmitbot_navigation) by extension 'ignore_ament_install'
[0.195s] [34mcolcon.colcon_core.package_identification[0m [1;30mLevel 1[0m _identify(src/rmitbot_navigation) by extensions ['colcon_pkg']
[0.195s] [34mcolcon.colcon_core.package_identification[0m [1;30mLevel 1[0m _identify(src/rmitbot_navigation) by extension 'colcon_pkg'
[0.195s] [34mcolcon.colcon_core.package_identification[0m [1;30mLevel 1[0m _identify(src/rmitbot_navigation) by extensions ['colcon_meta']
[0.195s] [34mcolcon.colcon_core.package_identification[0m [1;30mLevel 1[0m _identify(src/rmitbot_navigation) by extension 'colcon_meta'
[0.195s] [34mcolcon.colcon_core.package_identification[0m [1;30mLevel 1[0m _identify(src/rmitbot_navigation) by extensions ['ros']
[0.195s] [34mcolcon.colcon_core.package_identification[0m [1;30mLevel 1[0m _identify(src/rmitbot_navigation) by extension 'ros'
[0.195s] [34mcolcon.colcon_core.package_identification[0m [1;30mDEBUG[0m [32mPackage 'src/rmitbot_navigation' with type 'ros.ament_cmake' and name 'rmitbot_navigation'[0m
[0.195s] [34mcolcon.colcon_core.package_identification[0m [1;30mLevel 1[0m _identify(src/rmitbot_vision) by extensions ['ignore', 'ignore_ament_install']
[0.195s] [34mcolcon.colcon_core.package_identification[0m [1;30mLevel 1[0m _identify(src/rmitbot_vision) by extension 'ignore'
[0.196s] [34mcolcon.colcon_core.package_identification[0m [1;30mLevel 1[0m _identify(src/rmitbot_vision) by extension 'ignore_ament_install'
[0.196s] [34mcolcon.colcon_core.package_identification[0m [1;30mLevel 1[0m _identify(src/rmitbot_vision) by extensions ['colcon_pkg']
[0.196s] [34mcolcon.colcon_core.package_identification[0m [1;30mLevel 1[0m _identify(src/rmitbot_vision) by extension 'colcon_pkg'
[0.196s] [34mcolcon.colcon_core.package_identification[0m [1;30mLevel 1[0m _identify(src/rmitbot_vision) by extensions ['colcon_meta']
[0.196s] [34mcolcon.colcon_core.package_identification[0m [1;30mLevel 1[0m _identify(src/rmitbot_vision) by extension 'colcon_meta'
[0.196s] [34mcolcon.colcon_core.package_identification[0m [1;30mLevel 1[0m _identify(src/rmitbot_vision) by extensions ['ros']
[0.196s] [34mcolcon.colcon_core.package_identification[0m [1;30mLevel 1[0m _identify(src/rmitbot_vision) by extension 'ros'
[0.197s] [34mcolcon.colcon_core.package_identification[0m [1;30mDEBUG[0m [32mPackage 'src/rmitbot_vision' with type 'ros.ament_cmake' and name 'rmitbot_vision'[0m
[0.197s] [34mcolcon.colcon_core.package_discovery[0m [1;30mLevel 1[0m discover_packages(recursive) using defaults
[0.197s] [34mcolcon.colcon_core.package_discovery[0m [1;30mLevel 1[0m discover_packages(ignore) discover
[0.197s] [34mcolcon.colcon_core.package_discovery[0m [1;30mLevel 1[0m discover_packages(ignore) using defaults
[0.197s] [34mcolcon.colcon_core.package_discovery[0m [1;30mLevel 1[0m discover_packages(path) discover
[0.197s] [34mcolcon.colcon_core.package_discovery[0m [1;30mLevel 1[0m discover_packages(path) using defaults
[0.213s] [34mcolcon.colcon_core.package_discovery[0m [1;30mLevel 1[0m discover_packages(prefix_path) check parameters
[0.213s] [34mcolcon.colcon_core.package_discovery[0m [1;30mLevel 1[0m discover_packages(prefix_path) discover
[0.216s] [34mcolcon.colcon_installed_package_information.package_discovery[0m [1;30mDEBUG[0m [32mFound 7 installed packages in /home/v120506/rmitbot_v4/lesson6_ws/install[0m
[0.218s] [34mcolcon.colcon_installed_package_information.package_discovery[0m [1;30mDEBUG[0m [32mFound 449 installed packages in /opt/ros/jazzy[0m
[0.219s] [34mcolcon.colcon_core.package_discovery[0m [1;30mLevel 1[0m discover_packages(prefix_path) using defaults
[0.264s] [34mcolcon.colcon_core.verb[0m [1;30mLevel 5[0m set package 'rmitbot_bringup' build argument 'cmake_args' from command line to 'None'
[0.264s] [34mcolcon.colcon_core.verb[0m [1;30mLevel 5[0m set package 'rmitbot_bringup' build argument 'cmake_target' from command line to 'None'
[0.264s] [34mcolcon.colcon_core.verb[0m [1;30mLevel 5[0m set package 'rmitbot_bringup' build argument 'cmake_target_skip_unavailable' from command line to 'False'
[0.264s] [34mcolcon.colcon_core.verb[0m [1;30mLevel 5[0m set package 'rmitbot_bringup' build argument 'cmake_clean_cache' from command line to 'False'
[0.264s] [34mcolcon.colcon_core.verb[0m [1;30mLevel 5[0m set package 'rmitbot_bringup' build argument 'cmake_clean_first' from command line to 'False'
[0.264s] [34mcolcon.colcon_core.verb[0m [1;30mLevel 5[0m set package 'rmitbot_bringup' build argument 'cmake_force_configure' from command line to 'False'
[0.264s] [34mcolcon.colcon_core.verb[0m [1;30mLevel 5[0m set package 'rmitbot_bringup' build argument 'ament_cmake_args' from command line to 'None'
[0.264s] [34mcolcon.colcon_core.verb[0m [1;30mLevel 5[0m set package 'rmitbot_bringup' build argument 'catkin_cmake_args' from command line to 'None'
[0.264s] [34mcolcon.colcon_core.verb[0m [1;30mLevel 5[0m set package 'rmitbot_bringup' build argument 'catkin_skip_building_tests' from command line to 'False'
[0.265s] [34mcolcon.colcon_core.verb[0m [1;30mDEBUG[0m [32mBuilding package 'rmitbot_bringup' with the following arguments: {'ament_cmake_args': None, 'build_base': '/home/v120506/rmitbot_v4/lesson6_ws/build/rmitbot_bringup', 'catkin_cmake_args': None, 'catkin_skip_building_tests': False, 'cmake_args': None, 'cmake_clean_cache': False, 'cmake_clean_first': False, 'cmake_force_configure': False, 'cmake_target': None, 'cmake_target_skip_unavailable': False, 'install_base': '/home/v120506/rmitbot_v4/lesson6_ws/install/rmitbot_bringup', 'merge_install': False, 'path': '/home/v120506/rmitbot_v4/lesson6_ws/src/rmitbot_bringup', 'symlink_install': False, 'test_result_base': None}[0m
[0.265s] [34mcolcon.colcon_core.verb[0m [1;30mLevel 5[0m set package 'rmitbot_controller' build argument 'cmake_args' from command line to 'None'
[0.265s] [34mcolcon.colcon_core.verb[0m [1;30mLevel 5[0m set package 'rmitbot_controller' build argument 'cmake_target' from command line to 'None'
[0.265s] [34mcolcon.colcon_core.verb[0m [1;30mLevel 5[0m set package 'rmitbot_controller' build argument 'cmake_target_skip_unavailable' from command line to 'False'
[0.265s] [34mcolcon.colcon_core.verb[0m [1;30mLevel 5[0m set package 'rmitbot_controller' build argument 'cmake_clean_cache' from command line to 'False'
[0.265s] [34mcolcon.colcon_core.verb[0m [1;30mLevel 5[0m set package 'rmitbot_controller' build argument 'cmake_clean_first' from command line to 'False'
[0.265s] [34mcolcon.colcon_core.verb[0m [1;30mLevel 5[0m set package 'rmitbot_controller' build argument 'cmake_force_configure' from command line to 'False'
[0.265s] [34mcolcon.colcon_core.verb[0m [1;30mLevel 5[0m set package 'rmitbot_controller' build argument 'ament_cmake_args' from command line to 'None'
[0.265s] [34mcolcon.colcon_core.verb[0m [1;30mLevel 5[0m set package 'rmitbot_controller' build argument 'catkin_cmake_args' from command line to 'None'
[0.265s] [34mcolcon.colcon_core.verb[0m [1;30mLevel 5[0m set package 'rmitbot_controller' build argument 'catkin_skip_building_tests' from command line to 'False'
[0.265s] [34mcolcon.colcon_core.verb[0m [1;30mDEBUG[0m [32mBuilding package 'rmitbot_controller' with the following arguments: {'ament_cmake_args': None, 'build_base': '/home/v120506/rmitbot_v4/lesson6_ws/build/rmitbot_controller', 'catkin_cmake_args': None, 'catkin_skip_building_tests': False, 'cmake_args': None, 'cmake_clean_cache': False, 'cmake_clean_first': False, 'cmake_force_configure': False, 'cmake_target': None, 'cmake_target_skip_unavailable': False, 'install_base': '/home/v120506/rmitbot_v4/lesson6_ws/install/rmitbot_controller', 'merge_install': False, 'path': '/home/v120506/rmitbot_v4/lesson6_ws/src/rmitbot_controller', 'symlink_install': False, 'test_result_base': None}[0m
[0.265s] [34mcolcon.colcon_core.verb[0m [1;30mLevel 5[0m set package 'rmitbot_description' build argument 'cmake_args' from command line to 'None'
[0.265s] [34mcolcon.colcon_core.verb[0m [1;30mLevel 5[0m set package 'rmitbot_description' build argument 'cmake_target' from command line to 'None'
[0.265s] [34mcolcon.colcon_core.verb[0m [1;30mLevel 5[0m set package 'rmitbot_description' build argument 'cmake_target_skip_unavailable' from command line to 'False'
[0.265s] [34mcolcon.colcon_core.verb[0m [1;30mLevel 5[0m set package 'rmitbot_description' build argument 'cmake_clean_cache' from command line to 'False'
[0.265s] [34mcolcon.colcon_core.verb[0m [1;30mLevel 5[0m set package 'rmitbot_description' build argument 'cmake_clean_first' from command line to 'False'
[0.265s] [34mcolcon.colcon_core.verb[0m [1;30mLevel 5[0m set package 'rmitbot_description' build argument 'cmake_force_configure' from command line to 'False'
[0.265s] [34mcolcon.colcon_core.verb[0m [1;30mLevel 5[0m set package 'rmitbot_description' build argument 'ament_cmake_args' from command line to 'None'
[0.265s] [34mcolcon.colcon_core.verb[0m [1;30mLevel 5[0m set package 'rmitbot_description' build argument 'catkin_cmake_args' from command line to 'None'
[0.265s] [34mcolcon.colcon_core.verb[0m [1;30mLevel 5[0m set package 'rmitbot_description' build argument 'catkin_skip_building_tests' from command line to 'False'
[0.265s] [34mcolcon.colcon_core.verb[0m [1;30mDEBUG[0m [32mBuilding package 'rmitbot_description' with the following arguments: {'ament_cmake_args': None, 'build_base': '/home/v120506/rmitbot_v4/lesson6_ws/build/rmitbot_description', 'catkin_cmake_args': None, 'catkin_skip_building_tests': False, 'cmake_args': None, 'cmake_clean_cache': False, 'cmake_clean_first': False, 'cmake_force_configure': False, 'cmake_target': None, 'cmake_target_skip_unavailable': False, 'install_base': '/home/v120506/rmitbot_v4/lesson6_ws/install/rmitbot_description', 'merge_install': False, 'path': '/home/v120506/rmitbot_v4/lesson6_ws/src/rmitbot_description', 'symlink_install': False, 'test_result_base': None}[0m
[0.266s] [34mcolcon.colcon_core.verb[0m [1;30mLevel 5[0m set package 'rmitbot_localization' build argument 'cmake_args' from command line to 'None'
[0.266s] [34mcolcon.colcon_core.verb[0m [1;30mLevel 5[0m set package 'rmitbot_localization' build argument 'cmake_target' from command line to 'None'
[0.266s] [34mcolcon.colcon_core.verb[0m [1;30mLevel 5[0m set package 'rmitbot_localization' build argument 'cmake_target_skip_unavailable' from command line to 'False'
[0.266s] [34mcolcon.colcon_core.verb[0m [1;30mLevel 5[0m set package 'rmitbot_localization' build argument 'cmake_clean_cache' from command line to 'False'
[0.266s] [34mcolcon.colcon_core.verb[0m [1;30mLevel 5[0m set package 'rmitbot_localization' build argument 'cmake_clean_first' from command line to 'False'
[0.266s] [34mcolcon.colcon_core.verb[0m [1;30mLevel 5[0m set package 'rmitbot_localization' build argument 'cmake_force_configure' from command line to 'False'
[0.266s] [34mcolcon.colcon_core.verb[0m [1;30mLevel 5[0m set package 'rmitbot_localization' build argument 'ament_cmake_args' from command line to 'None'
[0.266s] [34mcolcon.colcon_core.verb[0m [1;30mLevel 5[0m set package 'rmitbot_localization' build argument 'catkin_cmake_args' from command line to 'None'
[0.266s] [34mcolcon.colcon_core.verb[0m [1;30mLevel 5[0m set package 'rmitbot_localization' build argument 'catkin_skip_building_tests' from command line to 'False'
[0.266s] [34mcolcon.colcon_core.verb[0m [1;30mDEBUG[0m [32mBuilding package 'rmitbot_localization' with the following arguments: {'ament_cmake_args': None, 'build_base': '/home/v120506/rmitbot_v4/lesson6_ws/build/rmitbot_localization', 'catkin_cmake_args': None, 'catkin_skip_building_tests': False, 'cmake_args': None, 'cmake_clean_cache': False, 'cmake_clean_first': False, 'cmake_force_configure': False, 'cmake_target': None, 'cmake_target_skip_unavailable': False, 'install_base': '/home/v120506/rmitbot_v4/lesson6_ws/install/rmitbot_localization', 'merge_install': False, 'path': '/home/v120506/rmitbot_v4/lesson6_ws/src/rmitbot_localization', 'symlink_install': False, 'test_result_base': None}[0m
[0.266s] [34mcolcon.colcon_core.verb[0m [1;30mLevel 5[0m set package 'rmitbot_mapping' build argument 'cmake_args' from command line to 'None'
[0.266s] [34mcolcon.colcon_core.verb[0m [1;30mLevel 5[0m set package 'rmitbot_mapping' build argument 'cmake_target' from command line to 'None'
[0.266s] [34mcolcon.colcon_core.verb[0m [1;30mLevel 5[0m set package 'rmitbot_mapping' build argument 'cmake_target_skip_unavailable' from command line to 'False'
[0.266s] [34mcolcon.colcon_core.verb[0m [1;30mLevel 5[0m set package 'rmitbot_mapping' build argument 'cmake_clean_cache' from command line to 'False'
[0.266s] [34mcolcon.colcon_core.verb[0m [1;30mLevel 5[0m set package 'rmitbot_mapping' build argument 'cmake_clean_first' from command line to 'False'
[0.266s] [34mcolcon.colcon_core.verb[0m [1;30mLevel 5[0m set package 'rmitbot_mapping' build argument 'cmake_force_configure' from command line to 'False'
[0.266s] [34mcolcon.colcon_core.verb[0m [1;30mLevel 5[0m set package 'rmitbot_mapping' build argument 'ament_cmake_args' from command line to 'None'
[0.266s] [34mcolcon.colcon_core.verb[0m [1;30mLevel 5[0m set package 'rmitbot_mapping' build argument 'catkin_cmake_args' from command line to 'None'
[0.266s] [34mcolcon.colcon_core.verb[0m [1;30mLevel 5[0m set package 'rmitbot_mapping' build argument 'catkin_skip_building_tests' from command line to 'False'
[0.266s] [34mcolcon.colcon_core.verb[0m [1;30mDEBUG[0m [32mBuilding package 'rmitbot_mapping' with the following arguments: {'ament_cmake_args': None, 'build_base': '/home/v120506/rmitbot_v4/lesson6_ws/build/rmitbot_mapping', 'catkin_cmake_args': None, 'catkin_skip_building_tests': False, 'cmake_args': None, 'cmake_clean_cache': False, 'cmake_clean_first': False, 'cmake_force_configure': False, 'cmake_target': None, 'cmake_target_skip_unavailable': False, 'install_base': '/home/v120506/rmitbot_v4/lesson6_ws/install/rmitbot_mapping', 'merge_install': False, 'path': '/home/v120506/rmitbot_v4/lesson6_ws/src/rmitbot_mapping', 'symlink_install': False, 'test_result_base': None}[0m
[0.266s] [34mcolcon.colcon_core.verb[0m [1;30mLevel 5[0m set package 'rmitbot_navigation' build argument 'cmake_args' from command line to 'None'
[0.266s] [34mcolcon.colcon_core.verb[0m [1;30mLevel 5[0m set package 'rmitbot_navigation' build argument 'cmake_target' from command line to 'None'
[0.266s] [34mcolcon.colcon_core.verb[0m [1;30mLevel 5[0m set package 'rmitbot_navigation' build argument 'cmake_target_skip_unavailable' from command line to 'False'
[0.266s] [34mcolcon.colcon_core.verb[0m [1;30mLevel 5[0m set package 'rmitbot_navigation' build argument 'cmake_clean_cache' from command line to 'False'
[0.266s] [34mcolcon.colcon_core.verb[0m [1;30mLevel 5[0m set package 'rmitbot_navigation' build argument 'cmake_clean_first' from command line to 'False'
[0.266s] [34mcolcon.colcon_core.verb[0m [1;30mLevel 5[0m set package 'rmitbot_navigation' build argument 'cmake_force_configure' from command line to 'False'
[0.266s] [34mcolcon.colcon_core.verb[0m [1;30mLevel 5[0m set package 'rmitbot_navigation' build argument 'ament_cmake_args' from command line to 'None'
[0.266s] [34mcolcon.colcon_core.verb[0m [1;30mLevel 5[0m set package 'rmitbot_navigation' build argument 'catkin_cmake_args' from command line to 'None'
[0.266s] [34mcolcon.colcon_core.verb[0m [1;30mLevel 5[0m set package 'rmitbot_navigation' build argument 'catkin_skip_building_tests' from command line to 'False'
[0.266s] [34mcolcon.colcon_core.verb[0m [1;30mDEBUG[0m [32mBuilding package 'rmitbot_navigation' with the following arguments: {'ament_cmake_args': None, 'build_base': '/home/v120506/rmitbot_v4/lesson6_ws/build/rmitbot_navigation', 'catkin_cmake_args': None, 'catkin_skip_building_tests': False, 'cmake_args': None, 'cmake_clean_cache': False, 'cmake_clean_first': False, 'cmake_force_configure': False, 'cmake_target': None, 'cmake_target_skip_unavailable': False, 'install_base': '/home/v120506/rmitbot_v4/lesson6_ws/install/rmitbot_navigation', 'merge_install': False, 'path': '/home/v120506/rmitbot_v4/lesson6_ws/src/rmitbot_navigation', 'symlink_install': False, 'test_result_base': None}[0m
[0.267s] [34mcolcon.colcon_core.verb[0m [1;30mLevel 5[0m set package 'rmitbot_vision' build argument 'cmake_args' from command line to 'None'
[0.267s] [34mcolcon.colcon_core.verb[0m [1;30mLevel 5[0m set package 'rmitbot_vision' build argument 'cmake_target' from command line to 'None'
[0.267s] [34mcolcon.colcon_core.verb[0m [1;30mLevel 5[0m set package 'rmitbot_vision' build argument 'cmake_target_skip_unavailable' from command line to 'False'
[0.267s] [34mcolcon.colcon_core.verb[0m [1;30mLevel 5[0m set package 'rmitbot_vision' build argument 'cmake_clean_cache' from command line to 'False'
[0.267s] [34mcolcon.colcon_core.verb[0m [1;30mLevel 5[0m set package 'rmitbot_vision' build argument 'cmake_clean_first' from command line to 'False'
[0.267s] [34mcolcon.colcon_core.verb[0m [1;30mLevel 5[0m set package 'rmitbot_vision' build argument 'cmake_force_configure' from command line to 'False'
[0.267s] [34mcolcon.colcon_core.verb[0m [1;30mLevel 5[0m set package 'rmitbot_vision' build argument 'ament_cmake_args' from command line to 'None'
[0.267s] [34mcolcon.colcon_core.verb[0m [1;30mLevel 5[0m set package 'rmitbot_vision' build argument 'catkin_cmake_args' from command line to 'None'
[0.267s] [34mcolcon.colcon_core.verb[0m [1;30mLevel 5[0m set package 'rmitbot_vision' build argument 'catkin_skip_building_tests' from command line to 'False'
[0.267s] [34mcolcon.colcon_core.verb[0m [1;30mDEBUG[0m [32mBuilding package 'rmitbot_vision' with the following arguments: {'ament_cmake_args': None, 'build_base': '/home/v120506/rmitbot_v4/lesson6_ws/build/rmitbot_vision', 'catkin_cmake_args': None, 'catkin_skip_building_tests': False, 'cmake_args': None, 'cmake_clean_cache': False, 'cmake_clean_first': False, 'cmake_force_configure': False, 'cmake_target': None, 'cmake_target_skip_unavailable': False, 'install_base': '/home/v120506/rmitbot_v4/lesson6_ws/install/rmitbot_vision', 'merge_install': False, 'path': '/home/v120506/rmitbot_v4/lesson6_ws/src/rmitbot_vision', 'symlink_install': False, 'test_result_base': None}[0m
[0.267s] [34mcolcon.colcon_core.executor[0m [1;30mINFO[0m Executing jobs using 'parallel' executor
[0.268s] [34mcolcon.colcon_parallel_executor.executor.parallel[0m [1;30mDEBUG[0m [32mrun_until_complete[0m
[0.268s] [34mcolcon.colcon_ros.task.ament_cmake.build[0m [1;30mINFO[0m Building ROS package in '/home/v120506/rmitbot_v4/lesson6_ws/src/rmitbot_bringup' with build type 'ament_cmake'
[0.268s] [34mcolcon.colcon_cmake.task.cmake.build[0m [1;30mINFO[0m Building CMake package in '/home/v120506/rmitbot_v4/lesson6_ws/src/rmitbot_bringup'
[0.272s] [34mcolcon.colcon_core.plugin_system[0m [1;30mINFO[0m Skipping extension 'colcon_core.shell.bat': Not used on non-Windows systems
[0.272s] [34mcolcon.colcon_core.shell[0m [1;30mINFO[0m Skip shell extension 'powershell' for command environment: Not usable outside of PowerShell
[0.272s] [34mcolcon.colcon_core.shell[0m [1;30mDEBUG[0m [32mSkip shell extension 'dsv' for command environment[0m
[0.276s] [34mcolcon.colcon_ros.task.ament_cmake.build[0m [1;30mINFO[0m Building ROS package in '/home/v120506/rmitbot_v4/lesson6_ws/src/rmitbot_controller' with build type 'ament_cmake'
[0.276s] [34mcolcon.colcon_cmake.task.cmake.build[0m [1;30mINFO[0m Building CMake package in '/home/v120506/rmitbot_v4/lesson6_ws/src/rmitbot_controller'
[0.276s] [34mcolcon.colcon_core.shell[0m [1;30mINFO[0m Skip shell extension 'powershell' for command environment: Not usable outside of PowerShell
[0.276s] [34mcolcon.colcon_core.shell[0m [1;30mDEBUG[0m [32mSkip shell extension 'dsv' for command environment[0m
[0.280s] [34mcolcon.colcon_ros.task.ament_cmake.build[0m [1;30mINFO[0m Building ROS package in '/home/v120506/rmitbot_v4/lesson6_ws/src/rmitbot_description' with build type 'ament_cmake'
[0.280s] [34mcolcon.colcon_cmake.task.cmake.build[0m [1;30mINFO[0m Building CMake package in '/home/v120506/rmitbot_v4/lesson6_ws/src/rmitbot_description'
[0.281s] [34mcolcon.colcon_core.shell[0m [1;30mINFO[0m Skip shell extension 'powershell' for command environment: Not usable outside of PowerShell
[0.281s] [34mcolcon.colcon_core.shell[0m [1;30mDEBUG[0m [32mSkip shell extension 'dsv' for command environment[0m
[0.296s] [34mcolcon.colcon_ros.task.ament_cmake.build[0m [1;30mINFO[0m Building ROS package in '/home/v120506/rmitbot_v4/lesson6_ws/src/rmitbot_localization' with build type 'ament_cmake'
[0.296s] [34mcolcon.colcon_cmake.task.cmake.build[0m [1;30mINFO[0m Building CMake package in '/home/v120506/rmitbot_v4/lesson6_ws/src/rmitbot_localization'
[0.296s] [34mcolcon.colcon_core.shell[0m [1;30mINFO[0m Skip shell extension 'powershell' for command environment: Not usable outside of PowerShell
[0.296s] [34mcolcon.colcon_core.shell[0m [1;30mDEBUG[0m [32mSkip shell extension 'dsv' for command environment[0m
[0.300s] [34mcolcon.colcon_ros.task.ament_cmake.build[0m [1;30mINFO[0m Building ROS package in '/home/v120506/rmitbot_v4/lesson6_ws/src/rmitbot_mapping' with build type 'ament_cmake'
[0.300s] [34mcolcon.colcon_cmake.task.cmake.build[0m [1;30mINFO[0m Building CMake package in '/home/v120506/rmitbot_v4/lesson6_ws/src/rmitbot_mapping'
[0.300s] [34mcolcon.colcon_core.shell[0m [1;30mINFO[0m Skip shell extension 'powershell' for command environment: Not usable outside of PowerShell
[0.300s] [34mcolcon.colcon_core.shell[0m [1;30mDEBUG[0m [32mSkip shell extension 'dsv' for command environment[0m
[0.305s] [34mcolcon.colcon_ros.task.ament_cmake.build[0m [1;30mINFO[0m Building ROS package in '/home/v120506/rmitbot_v4/lesson6_ws/src/rmitbot_navigation' with build type 'ament_cmake'
[0.305s] [34mcolcon.colcon_cmake.task.cmake.build[0m [1;30mINFO[0m Building CMake package in '/home/v120506/rmitbot_v4/lesson6_ws/src/rmitbot_navigation'
[0.306s] [34mcolcon.colcon_core.shell[0m [1;30mINFO[0m Skip shell extension 'powershell' for command environment: Not usable outside of PowerShell
[0.306s] [34mcolcon.colcon_core.shell[0m [1;30mDEBUG[0m [32mSkip shell extension 'dsv' for command environment[0m
[0.309s] [34mcolcon.colcon_ros.task.ament_cmake.build[0m [1;30mINFO[0m Building ROS package in '/home/v120506/rmitbot_v4/lesson6_ws/src/rmitbot_vision' with build type 'ament_cmake'
[0.309s] [34mcolcon.colcon_cmake.task.cmake.build[0m [1;30mINFO[0m Building CMake package in '/home/v120506/rmitbot_v4/lesson6_ws/src/rmitbot_vision'
[0.309s] [34mcolcon.colcon_core.shell[0m [1;30mINFO[0m Skip shell extension 'powershell' for command environment: Not usable outside of PowerShell
[0.309s] [34mcolcon.colcon_core.shell[0m [1;30mDEBUG[0m [32mSkip shell extension 'dsv' for command environment[0m
[0.318s] [34mcolcon.colcon_core.event_handler.log_command[0m [1;30mDEBUG[0m [32mInvoking command in '/home/v120506/rmitbot_v4/lesson6_ws/build/rmitbot_bringup': CMAKE_PREFIX_PATH=${CMAKE_PREFIX_PATH}:/opt/ros/jazzy DEBUGINFOD_URLS=https://debuginfod.ubuntu.com /usr/bin/cmake --build /home/v120506/rmitbot_v4/lesson6_ws/build/rmitbot_bringup -- -j8 -l8[0m
[0.320s] [34mcolcon.colcon_core.event_handler.log_command[0m [1;30mDEBUG[0m [32mInvoking command in '/home/v120506/rmitbot_v4/lesson6_ws/build/rmitbot_controller': CMAKE_PREFIX_PATH=${CMAKE_PREFIX_PATH}:/opt/ros/jazzy DEBUGINFOD_URLS=https://debuginfod.ubuntu.com /usr/bin/cmake --build /home/v120506/rmitbot_v4/lesson6_ws/build/rmitbot_controller -- -j8 -l8[0m
[0.324s] [34mcolcon.colcon_core.event_handler.log_command[0m [1;30mDEBUG[0m [32mInvoking command in '/home/v120506/rmitbot_v4/lesson6_ws/build/rmitbot_description': CMAKE_PREFIX_PATH=${CMAKE_PREFIX_PATH}:/opt/ros/jazzy DEBUGINFOD_URLS=https://debuginfod.ubuntu.com /usr/bin/cmake --build /home/v120506/rmitbot_v4/lesson6_ws/build/rmitbot_description -- -j8 -l8[0m
[0.327s] [34mcolcon.colcon_core.event_handler.log_command[0m [1;30mDEBUG[0m [32mInvoking command in '/home/v120506/rmitbot_v4/lesson6_ws/build/rmitbot_localization': CMAKE_PREFIX_PATH=${CMAKE_PREFIX_PATH}:/opt/ros/jazzy DEBUGINFOD_URLS=https://debuginfod.ubuntu.com /usr/bin/cmake --build /home/v120506/rmitbot_v4/lesson6_ws/build/rmitbot_localization -- -j8 -l8[0m
[0.331s] [34mcolcon.colcon_core.event_handler.log_command[0m [1;30mDEBUG[0m [32mInvoking command in '/home/v120506/rmitbot_v4/lesson6_ws/build/rmitbot_mapping': CMAKE_PREFIX_PATH=${CMAKE_PREFIX_PATH}:/opt/ros/jazzy DEBUGINFOD_URLS=https://debuginfod.ubuntu.com /usr/bin/cmake --build /home/v120506/rmitbot_v4/lesson6_ws/build/rmitbot_mapping -- -j8 -l8[0m
[0.337s] [34mcolcon.colcon_core.event_handler.log_command[0m [1;30mDEBUG[0m [32mInvoking command in '/home/v120506/rmitbot_v4/lesson6_ws/build/rmitbot_navigation': CMAKE_PREFIX_PATH=${CMAKE_PREFIX_PATH}:/opt/ros/jazzy DEBUGINFOD_URLS=https://debuginfod.ubuntu.com /usr/bin/cmake --build /home/v120506/rmitbot_v4/lesson6_ws/build/rmitbot_navigation -- -j8 -l8[0m
[0.346s] [34mcolcon.colcon_core.event_handler.log_command[0m [1;30mDEBUG[0m [32mInvoking command in '/home/v120506/rmitbot_v4/lesson6_ws/build/rmitbot_vision': CMAKE_PREFIX_PATH=${CMAKE_PREFIX_PATH}:/opt/ros/jazzy DEBUGINFOD_URLS=https://debuginfod.ubuntu.com /usr/bin/cmake --build /home/v120506/rmitbot_v4/lesson6_ws/build/rmitbot_vision -- -j8 -l8[0m
[0.380s] [34mcolcon.colcon_core.event_handler.log_command[0m [1;30mDEBUG[0m [32mInvoked command in '/home/v120506/rmitbot_v4/lesson6_ws/build/rmitbot_bringup' returned '0': CMAKE_PREFIX_PATH=${CMAKE_PREFIX_PATH}:/opt/ros/jazzy DEBUGINFOD_URLS=https://debuginfod.ubuntu.com /usr/bin/cmake --build /home/v120506/rmitbot_v4/lesson6_ws/build/rmitbot_bringup -- -j8 -l8[0m
[0.393s] [34mcolcon.colcon_core.event_handler.log_command[0m [1;30mDEBUG[0m [32mInvoking command in '/home/v120506/rmitbot_v4/lesson6_ws/build/rmitbot_bringup': CMAKE_PREFIX_PATH=${CMAKE_PREFIX_PATH}:/opt/ros/jazzy DEBUGINFOD_URLS=https://debuginfod.ubuntu.com /usr/bin/cmake --install /home/v120506/rmitbot_v4/lesson6_ws/build/rmitbot_bringup[0m
[0.395s] [34mcolcon.colcon_core.event_handler.log_command[0m [1;30mDEBUG[0m [32mInvoked command in '/home/v120506/rmitbot_v4/lesson6_ws/build/rmitbot_controller' returned '0': CMAKE_PREFIX_PATH=${CMAKE_PREFIX_PATH}:/opt/ros/jazzy DEBUGINFOD_URLS=https://debuginfod.ubuntu.com /usr/bin/cmake --build /home/v120506/rmitbot_v4/lesson6_ws/build/rmitbot_controller -- -j8 -l8[0m
[0.398s] [34mcolcon.colcon_core.event_handler.log_command[0m [1;30mDEBUG[0m [32mInvoking command in '/home/v120506/rmitbot_v4/lesson6_ws/build/rmitbot_controller': CMAKE_PREFIX_PATH=${CMAKE_PREFIX_PATH}:/opt/ros/jazzy DEBUGINFOD_URLS=https://debuginfod.ubuntu.com /usr/bin/cmake --install /home/v120506/rmitbot_v4/lesson6_ws/build/rmitbot_controller[0m
[0.399s] [34mcolcon.colcon_core.event_handler.log_command[0m [1;30mDEBUG[0m [32mInvoked command in '/home/v120506/rmitbot_v4/lesson6_ws/build/rmitbot_description' returned '0': CMAKE_PREFIX_PATH=${CMAKE_PREFIX_PATH}:/opt/ros/jazzy DEBUGINFOD_URLS=https://debuginfod.ubuntu.com /usr/bin/cmake --build /home/v120506/rmitbot_v4/lesson6_ws/build/rmitbot_description -- -j8 -l8[0m
[0.400s] [34mcolcon.colcon_core.event_handler.log_command[0m [1;30mDEBUG[0m [32mInvoking command in '/home/v120506/rmitbot_v4/lesson6_ws/build/rmitbot_description': CMAKE_PREFIX_PATH=${CMAKE_PREFIX_PATH}:/opt/ros/jazzy DEBUGINFOD_URLS=https://debuginfod.ubuntu.com /usr/bin/cmake --install /home/v120506/rmitbot_v4/lesson6_ws/build/rmitbot_description[0m
[0.401s] [34mcolcon.colcon_core.event_handler.log_command[0m [1;30mDEBUG[0m [32mInvoked command in '/home/v120506/rmitbot_v4/lesson6_ws/build/rmitbot_mapping' returned '0': CMAKE_PREFIX_PATH=${CMAKE_PREFIX_PATH}:/opt/ros/jazzy DEBUGINFOD_URLS=https://debuginfod.ubuntu.com /usr/bin/cmake --build /home/v120506/rmitbot_v4/lesson6_ws/build/rmitbot_mapping -- -j8 -l8[0m
[0.402s] [34mcolcon.colcon_core.event_handler.log_command[0m [1;30mDEBUG[0m [32mInvoking command in '/home/v120506/rmitbot_v4/lesson6_ws/build/rmitbot_mapping': CMAKE_PREFIX_PATH=${CMAKE_PREFIX_PATH}:/opt/ros/jazzy DEBUGINFOD_URLS=https://debuginfod.ubuntu.com /usr/bin/cmake --install /home/v120506/rmitbot_v4/lesson6_ws/build/rmitbot_mapping[0m
[0.403s] [34mcolcon.colcon_core.event_handler.log_command[0m [1;30mDEBUG[0m [32mInvoked command in '/home/v120506/rmitbot_v4/lesson6_ws/build/rmitbot_localization' returned '0': CMAKE_PREFIX_PATH=${CMAKE_PREFIX_PATH}:/opt/ros/jazzy DEBUGINFOD_URLS=https://debuginfod.ubuntu.com /usr/bin/cmake --build /home/v120506/rmitbot_v4/lesson6_ws/build/rmitbot_localization -- -j8 -l8[0m
[0.408s] [34mcolcon.colcon_core.event_handler.log_command[0m [1;30mDEBUG[0m [32mInvoking command in '/home/v120506/rmitbot_v4/lesson6_ws/build/rmitbot_localization': CMAKE_PREFIX_PATH=${CMAKE_PREFIX_PATH}:/opt/ros/jazzy DEBUGINFOD_URLS=https://debuginfod.ubuntu.com /usr/bin/cmake --install /home/v120506/rmitbot_v4/lesson6_ws/build/rmitbot_localization[0m
[0.410s] [34mcolcon.colcon_core.event_handler.log_command[0m [1;30mDEBUG[0m [32mInvoked command in '/home/v120506/rmitbot_v4/lesson6_ws/build/rmitbot_navigation' returned '0': CMAKE_PREFIX_PATH=${CMAKE_PREFIX_PATH}:/opt/ros/jazzy DEBUGINFOD_URLS=https://debuginfod.ubuntu.com /usr/bin/cmake --build /home/v120506/rmitbot_v4/lesson6_ws/build/rmitbot_navigation -- -j8 -l8[0m
[0.421s] [34mcolcon.colcon_core.environment[0m [1;30mLevel 1[0m create_environment_scripts_only(rmitbot_bringup)
[0.424s] [34mcolcon.colcon_core.event_handler.log_command[0m [1;30mDEBUG[0m [32mInvoking command in '/home/v120506/rmitbot_v4/lesson6_ws/build/rmitbot_navigation': CMAKE_PREFIX_PATH=${CMAKE_PREFIX_PATH}:/opt/ros/jazzy DEBUGINFOD_URLS=https://debuginfod.ubuntu.com /usr/bin/cmake --install /home/v120506/rmitbot_v4/lesson6_ws/build/rmitbot_navigation[0m
[0.429s] [34mcolcon.colcon_core.event_handler.log_command[0m [1;30mDEBUG[0m [32mInvoked command in '/home/v120506/rmitbot_v4/lesson6_ws/build/rmitbot_vision' returned '0': CMAKE_PREFIX_PATH=${CMAKE_PREFIX_PATH}:/opt/ros/jazzy DEBUGINFOD_URLS=https://debuginfod.ubuntu.com /usr/bin/cmake --build /home/v120506/rmitbot_v4/lesson6_ws/build/rmitbot_vision -- -j8 -l8[0m
[0.430s] [34mcolcon.colcon_core.event_handler.log_command[0m [1;30mDEBUG[0m [32mInvoking command in '/home/v120506/rmitbot_v4/lesson6_ws/build/rmitbot_vision': CMAKE_PREFIX_PATH=${CMAKE_PREFIX_PATH}:/opt/ros/jazzy DEBUGINFOD_URLS=https://debuginfod.ubuntu.com /usr/bin/cmake --install /home/v120506/rmitbot_v4/lesson6_ws/build/rmitbot_vision[0m
[0.433s] [34mcolcon.colcon_core.event_handler.log_command[0m [1;30mDEBUG[0m [32mInvoked command in '/home/v120506/rmitbot_v4/lesson6_ws/build/rmitbot_bringup' returned '0': CMAKE_PREFIX_PATH=${CMAKE_PREFIX_PATH}:/opt/ros/jazzy DEBUGINFOD_URLS=https://debuginfod.ubuntu.com /usr/bin/cmake --install /home/v120506/rmitbot_v4/lesson6_ws/build/rmitbot_bringup[0m
[0.434s] [34mcolcon.colcon_core.environment[0m [1;30mLevel 1[0m checking '/home/v120506/rmitbot_v4/lesson6_ws/install/rmitbot_bringup' for CMake module files
[0.438s] [34mcolcon.colcon_core.environment[0m [1;30mLevel 1[0m checking '/home/v120506/rmitbot_v4/lesson6_ws/install/rmitbot_bringup' for CMake config files
[0.438s] [34mcolcon.colcon_core.shell[0m [1;30mLevel 1[0m create_environment_hook('rmitbot_bringup', 'cmake_prefix_path')
[0.439s] [34mcolcon.colcon_core.shell[0m [1;30mINFO[0m Creating environment hook '/home/v120506/rmitbot_v4/lesson6_ws/install/rmitbot_bringup/share/rmitbot_bringup/hook/cmake_prefix_path.ps1'
[0.439s] [34mcolcon.colcon_core.shell[0m [1;30mINFO[0m Creating environment descriptor '/home/v120506/rmitbot_v4/lesson6_ws/install/rmitbot_bringup/share/rmitbot_bringup/hook/cmake_prefix_path.dsv'
[0.440s] [34mcolcon.colcon_core.shell[0m [1;30mINFO[0m Creating environment hook '/home/v120506/rmitbot_v4/lesson6_ws/install/rmitbot_bringup/share/rmitbot_bringup/hook/cmake_prefix_path.sh'
[0.441s] [34mcolcon.colcon_core.environment[0m [1;30mLevel 1[0m checking '/home/v120506/rmitbot_v4/lesson6_ws/install/rmitbot_bringup/bin'
[0.441s] [34mcolcon.colcon_core.environment[0m [1;30mLevel 1[0m checking '/home/v120506/rmitbot_v4/lesson6_ws/install/rmitbot_bringup/lib/pkgconfig/rmitbot_bringup.pc'
[0.441s] [34mcolcon.colcon_core.environment[0m [1;30mLevel 1[0m checking '/home/v120506/rmitbot_v4/lesson6_ws/install/rmitbot_bringup/lib/python3.12/site-packages'
[0.442s] [34mcolcon.colcon_core.environment[0m [1;30mLevel 1[0m checking '/home/v120506/rmitbot_v4/lesson6_ws/install/rmitbot_bringup/bin'
[0.442s] [34mcolcon.colcon_core.shell[0m [1;30mINFO[0m Creating package script '/home/v120506/rmitbot_v4/lesson6_ws/install/rmitbot_bringup/share/rmitbot_bringup/package.ps1'
[0.443s] [34mcolcon.colcon_core.shell[0m [1;30mINFO[0m Creating package descriptor '/home/v120506/rmitbot_v4/lesson6_ws/install/rmitbot_bringup/share/rmitbot_bringup/package.dsv'
[0.443s] [34mcolcon.colcon_core.shell[0m [1;30mINFO[0m Creating package script '/home/v120506/rmitbot_v4/lesson6_ws/install/rmitbot_bringup/share/rmitbot_bringup/package.sh'
[0.444s] [34mcolcon.colcon_core.shell[0m [1;30mINFO[0m Creating package script '/home/v120506/rmitbot_v4/lesson6_ws/install/rmitbot_bringup/share/rmitbot_bringup/package.bash'
[0.445s] [34mcolcon.colcon_core.shell[0m [1;30mINFO[0m Creating package script '/home/v120506/rmitbot_v4/lesson6_ws/install/rmitbot_bringup/share/rmitbot_bringup/package.zsh'
[0.446s] [34mcolcon.colcon_core.environment[0m [1;30mLevel 1[0m create_file_with_runtime_dependencies(/home/v120506/rmitbot_v4/lesson6_ws/install/rmitbot_bringup/share/colcon-core/packages/rmitbot_bringup)
[0.447s] [34mcolcon.colcon_core.environment[0m [1;30mLevel 1[0m create_environment_scripts_only(rmitbot_bringup)
[0.447s] [34mcolcon.colcon_core.environment[0m [1;30mLevel 1[0m checking '/home/v120506/rmitbot_v4/lesson6_ws/install/rmitbot_bringup' for CMake module files
[0.448s] [34mcolcon.colcon_core.environment[0m [1;30mLevel 1[0m checking '/home/v120506/rmitbot_v4/lesson6_ws/install/rmitbot_bringup' for CMake config files
[0.448s] [34mcolcon.colcon_core.shell[0m [1;30mLevel 1[0m create_environment_hook('rmitbot_bringup', 'cmake_prefix_path')
[0.448s] [34mcolcon.colcon_core.shell[0m [1;30mINFO[0m Creating environment hook '/home/v120506/rmitbot_v4/lesson6_ws/install/rmitbot_bringup/share/rmitbot_bringup/hook/cmake_prefix_path.ps1'
[0.448s] [34mcolcon.colcon_core.shell[0m [1;30mINFO[0m Creating environment descriptor '/home/v120506/rmitbot_v4/lesson6_ws/install/rmitbot_bringup/share/rmitbot_bringup/hook/cmake_prefix_path.dsv'
[0.449s] [34mcolcon.colcon_core.shell[0m [1;30mINFO[0m Creating environment hook '/home/v120506/rmitbot_v4/lesson6_ws/install/rmitbot_bringup/share/rmitbot_bringup/hook/cmake_prefix_path.sh'
[0.450s] [34mcolcon.colcon_core.environment[0m [1;30mLevel 1[0m checking '/home/v120506/rmitbot_v4/lesson6_ws/install/rmitbot_bringup/bin'
[0.450s] [34mcolcon.colcon_core.environment[0m [1;30mLevel 1[0m checking '/home/v120506/rmitbot_v4/lesson6_ws/install/rmitbot_bringup/lib/pkgconfig/rmitbot_bringup.pc'
[0.450s] [34mcolcon.colcon_core.environment[0m [1;30mLevel 1[0m checking '/home/v120506/rmitbot_v4/lesson6_ws/install/rmitbot_bringup/lib/python3.12/site-packages'
[0.450s] [34mcolcon.colcon_core.environment[0m [1;30mLevel 1[0m checking '/home/v120506/rmitbot_v4/lesson6_ws/install/rmitbot_bringup/bin'
[0.450s] [34mcolcon.colcon_core.shell[0m [1;30mINFO[0m Creating package script '/home/v120506/rmitbot_v4/lesson6_ws/install/rmitbot_bringup/share/rmitbot_bringup/package.ps1'
[0.451s] [34mcolcon.colcon_core.shell[0m [1;30mINFO[0m Creating package descriptor '/home/v120506/rmitbot_v4/lesson6_ws/install/rmitbot_bringup/share/rmitbot_bringup/package.dsv'
[0.451s] [34mcolcon.colcon_core.shell[0m [1;30mINFO[0m Creating package script '/home/v120506/rmitbot_v4/lesson6_ws/install/rmitbot_bringup/share/rmitbot_bringup/package.sh'
[0.451s] [34mcolcon.colcon_core.shell[0m [1;30mINFO[0m Creating package script '/home/v120506/rmitbot_v4/lesson6_ws/install/rmitbot_bringup/share/rmitbot_bringup/package.bash'
[0.452s] [34mcolcon.colcon_core.shell[0m [1;30mINFO[0m Creating package script '/home/v120506/rmitbot_v4/lesson6_ws/install/rmitbot_bringup/share/rmitbot_bringup/package.zsh'
[0.452s] [34mcolcon.colcon_core.environment[0m [1;30mLevel 1[0m create_file_with_runtime_dependencies(/home/v120506/rmitbot_v4/lesson6_ws/install/rmitbot_bringup/share/colcon-core/packages/rmitbot_bringup)
[0.452s] [34mcolcon.colcon_core.environment[0m [1;30mLevel 1[0m create_environment_scripts_only(rmitbot_controller)
[0.453s] [34mcolcon.colcon_core.environment[0m [1;30mLevel 1[0m checking '/home/v120506/rmitbot_v4/lesson6_ws/install/rmitbot_controller' for CMake module files
[0.454s] [34mcolcon.colcon_core.event_handler.log_command[0m [1;30mDEBUG[0m [32mInvoked command in '/home/v120506/rmitbot_v4/lesson6_ws/build/rmitbot_controller' returned '0': CMAKE_PREFIX_PATH=${CMAKE_PREFIX_PATH}:/opt/ros/jazzy DEBUGINFOD_URLS=https://debuginfod.ubuntu.com /usr/bin/cmake --install /home/v120506/rmitbot_v4/lesson6_ws/build/rmitbot_controller[0m
[0.454s] [34mcolcon.colcon_core.environment[0m [1;30mLevel 1[0m checking '/home/v120506/rmitbot_v4/lesson6_ws/install/rmitbot_controller' for CMake config files
[0.454s] [34mcolcon.colcon_core.shell[0m [1;30mLevel 1[0m create_environment_hook('rmitbot_controller', 'cmake_prefix_path')
[0.455s] [34mcolcon.colcon_core.shell[0m [1;30mINFO[0m Creating environment hook '/home/v120506/rmitbot_v4/lesson6_ws/install/rmitbot_controller/share/rmitbot_controller/hook/cmake_prefix_path.ps1'
[0.455s] [34mcolcon.colcon_core.shell[0m [1;30mINFO[0m Creating environment descriptor '/home/v120506/rmitbot_v4/lesson6_ws/install/rmitbot_controller/share/rmitbot_controller/hook/cmake_prefix_path.dsv'
[0.455s] [34mcolcon.colcon_core.shell[0m [1;30mINFO[0m Creating environment hook '/home/v120506/rmitbot_v4/lesson6_ws/install/rmitbot_controller/share/rmitbot_controller/hook/cmake_prefix_path.sh'
[0.456s] [34mcolcon.colcon_core.environment[0m [1;30mLevel 1[0m checking '/home/v120506/rmitbot_v4/lesson6_ws/install/rmitbot_controller/bin'
[0.456s] [34mcolcon.colcon_core.environment[0m [1;30mLevel 1[0m checking '/home/v120506/rmitbot_v4/lesson6_ws/install/rmitbot_controller/lib/pkgconfig/rmitbot_controller.pc'
[0.456s] [34mcolcon.colcon_core.environment[0m [1;30mLevel 1[0m checking '/home/v120506/rmitbot_v4/lesson6_ws/install/rmitbot_controller/lib/python3.12/site-packages'
[0.457s] [34mcolcon.colcon_core.environment[0m [1;30mLevel 1[0m checking '/home/v120506/rmitbot_v4/lesson6_ws/install/rmitbot_controller/bin'
[0.457s] [34mcolcon.colcon_core.shell[0m [1;30mINFO[0m Creating package script '/home/v120506/rmitbot_v4/lesson6_ws/install/rmitbot_controller/share/rmitbot_controller/package.ps1'
[0.458s] [34mcolcon.colcon_core.shell[0m [1;30mINFO[0m Creating package descriptor '/home/v120506/rmitbot_v4/lesson6_ws/install/rmitbot_controller/share/rmitbot_controller/package.dsv'
[0.458s] [34mcolcon.colcon_core.shell[0m [1;30mINFO[0m Creating package script '/home/v120506/rmitbot_v4/lesson6_ws/install/rmitbot_controller/share/rmitbot_controller/package.sh'
[0.458s] [34mcolcon.colcon_core.shell[0m [1;30mINFO[0m Creating package script '/home/v120506/rmitbot_v4/lesson6_ws/install/rmitbot_controller/share/rmitbot_controller/package.bash'
[0.459s] [34mcolcon.colcon_core.shell[0m [1;30mINFO[0m Creating package script '/home/v120506/rmitbot_v4/lesson6_ws/install/rmitbot_controller/share/rmitbot_controller/package.zsh'
[0.459s] [34mcolcon.colcon_core.environment[0m [1;30mLevel 1[0m create_file_with_runtime_dependencies(/home/v120506/rmitbot_v4/lesson6_ws/install/rmitbot_controller/share/colcon-core/packages/rmitbot_controller)
[0.459s] [34mcolcon.colcon_core.environment[0m [1;30mLevel 1[0m create_environment_scripts_only(rmitbot_controller)
[0.459s] [34mcolcon.colcon_core.environment[0m [1;30mLevel 1[0m checking '/home/v120506/rmitbot_v4/lesson6_ws/install/rmitbot_controller' for CMake module files
[0.460s] [34mcolcon.colcon_core.environment[0m [1;30mLevel 1[0m checking '/home/v120506/rmitbot_v4/lesson6_ws/install/rmitbot_controller' for CMake config files
[0.460s] [34mcolcon.colcon_core.shell[0m [1;30mLevel 1[0m create_environment_hook('rmitbot_controller', 'cmake_prefix_path')
[0.460s] [34mcolcon.colcon_core.shell[0m [1;30mINFO[0m Creating environment hook '/home/v120506/rmitbot_v4/lesson6_ws/install/rmitbot_controller/share/rmitbot_controller/hook/cmake_prefix_path.ps1'
[0.460s] [34mcolcon.colcon_core.shell[0m [1;30mINFO[0m Creating environment descriptor '/home/v120506/rmitbot_v4/lesson6_ws/install/rmitbot_controller/share/rmitbot_controller/hook/cmake_prefix_path.dsv'
[0.461s] [34mcolcon.colcon_core.shell[0m [1;30mINFO[0m Creating environment hook '/home/v120506/rmitbot_v4/lesson6_ws/install/rmitbot_controller/share/rmitbot_controller/hook/cmake_prefix_path.sh'
[0.461s] [34mcolcon.colcon_core.environment[0m [1;30mLevel 1[0m checking '/home/v120506/rmitbot_v4/lesson6_ws/install/rmitbot_controller/bin'
[0.461s] [34mcolcon.colcon_core.environment[0m [1;30mLevel 1[0m checking '/home/v120506/rmitbot_v4/lesson6_ws/install/rmitbot_controller/lib/pkgconfig/rmitbot_controller.pc'
[0.461s] [34mcolcon.colcon_core.environment[0m [1;30mLevel 1[0m checking '/home/v120506/rmitbot_v4/lesson6_ws/install/rmitbot_controller/lib/python3.12/site-packages'
[0.462s] [34mcolcon.colcon_core.environment[0m [1;30mLevel 1[0m checking '/home/v120506/rmitbot_v4/lesson6_ws/install/rmitbot_controller/bin'
[0.462s] [34mcolcon.colcon_core.shell[0m [1;30mINFO[0m Creating package script '/home/v120506/rmitbot_v4/lesson6_ws/install/rmitbot_controller/share/rmitbot_controller/package.ps1'
[0.462s] [34mcolcon.colcon_core.shell[0m [1;30mINFO[0m Creating package descriptor '/home/v120506/rmitbot_v4/lesson6_ws/install/rmitbot_controller/share/rmitbot_controller/package.dsv'
[0.463s] [34mcolcon.colcon_core.shell[0m [1;30mINFO[0m Creating package script '/home/v120506/rmitbot_v4/lesson6_ws/install/rmitbot_controller/share/rmitbot_controller/package.sh'
[0.464s] [34mcolcon.colcon_core.shell[0m [1;30mINFO[0m Creating package script '/home/v120506/rmitbot_v4/lesson6_ws/install/rmitbot_controller/share/rmitbot_controller/package.bash'
[0.464s] [34mcolcon.colcon_core.shell[0m [1;30mINFO[0m Creating package script '/home/v120506/rmitbot_v4/lesson6_ws/install/rmitbot_controller/share/rmitbot_controller/package.zsh'
[0.465s] [34mcolcon.colcon_core.environment[0m [1;30mLevel 1[0m create_file_with_runtime_dependencies(/home/v120506/rmitbot_v4/lesson6_ws/install/rmitbot_controller/share/colcon-core/packages/rmitbot_controller)
[0.466s] [34mcolcon.colcon_core.environment[0m [1;30mLevel 1[0m create_environment_scripts_only(rmitbot_description)
[0.466s] [34mcolcon.colcon_core.environment[0m [1;30mLevel 1[0m checking '/home/v120506/rmitbot_v4/lesson6_ws/install/rmitbot_description' for CMake module files
[0.467s] [34mcolcon.colcon_core.event_handler.log_command[0m [1;30mDEBUG[0m [32mInvoked command in '/home/v120506/rmitbot_v4/lesson6_ws/build/rmitbot_description' returned '0': CMAKE_PREFIX_PATH=${CMAKE_PREFIX_PATH}:/opt/ros/jazzy DEBUGINFOD_URLS=https://debuginfod.ubuntu.com /usr/bin/cmake --install /home/v120506/rmitbot_v4/lesson6_ws/build/rmitbot_description[0m
[0.467s] [34mcolcon.colcon_core.environment[0m [1;30mLevel 1[0m checking '/home/v120506/rmitbot_v4/lesson6_ws/install/rmitbot_description' for CMake config files
[0.467s] [34mcolcon.colcon_core.shell[0m [1;30mLevel 1[0m create_environment_hook('rmitbot_description', 'cmake_prefix_path')
[0.467s] [34mcolcon.colcon_core.shell[0m [1;30mINFO[0m Creating environment hook '/home/v120506/rmitbot_v4/lesson6_ws/install/rmitbot_description/share/rmitbot_description/hook/cmake_prefix_path.ps1'
[0.468s] [34mcolcon.colcon_core.shell[0m [1;30mINFO[0m Creating environment descriptor '/home/v120506/rmitbot_v4/lesson6_ws/install/rmitbot_description/share/rmitbot_description/hook/cmake_prefix_path.dsv'
[0.468s] [34mcolcon.colcon_core.shell[0m [1;30mINFO[0m Creating environment hook '/home/v120506/rmitbot_v4/lesson6_ws/install/rmitbot_description/share/rmitbot_description/hook/cmake_prefix_path.sh'
[0.468s] [34mcolcon.colcon_core.environment[0m [1;30mLevel 1[0m checking '/home/v120506/rmitbot_v4/lesson6_ws/install/rmitbot_description/bin'
[0.468s] [34mcolcon.colcon_core.environment[0m [1;30mLevel 1[0m checking '/home/v120506/rmitbot_v4/lesson6_ws/install/rmitbot_description/lib/pkgconfig/rmitbot_description.pc'
[0.469s] [34mcolcon.colcon_core.environment[0m [1;30mLevel 1[0m checking '/home/v120506/rmitbot_v4/lesson6_ws/install/rmitbot_description/lib/python3.12/site-packages'
[0.469s] [34mcolcon.colcon_core.environment[0m [1;30mLevel 1[0m checking '/home/v120506/rmitbot_v4/lesson6_ws/install/rmitbot_description/bin'
[0.469s] [34mcolcon.colcon_core.shell[0m [1;30mINFO[0m Creating package script '/home/v120506/rmitbot_v4/lesson6_ws/install/rmitbot_description/share/rmitbot_description/package.ps1'
[0.469s] [34mcolcon.colcon_core.shell[0m [1;30mINFO[0m Creating package descriptor '/home/v120506/rmitbot_v4/lesson6_ws/install/rmitbot_description/share/rmitbot_description/package.dsv'
[0.470s] [34mcolcon.colcon_core.shell[0m [1;30mINFO[0m Creating package script '/home/v120506/rmitbot_v4/lesson6_ws/install/rmitbot_description/share/rmitbot_description/package.sh'
[0.470s] [34mcolcon.colcon_core.shell[0m [1;30mINFO[0m Creating package script '/home/v120506/rmitbot_v4/lesson6_ws/install/rmitbot_description/share/rmitbot_description/package.bash'
[0.470s] [34mcolcon.colcon_core.shell[0m [1;30mINFO[0m Creating package script '/home/v120506/rmitbot_v4/lesson6_ws/install/rmitbot_description/share/rmitbot_description/package.zsh'
[0.471s] [34mcolcon.colcon_core.environment[0m [1;30mLevel 1[0m create_file_with_runtime_dependencies(/home/v120506/rmitbot_v4/lesson6_ws/install/rmitbot_description/share/colcon-core/packages/rmitbot_description)
[0.471s] [34mcolcon.colcon_core.environment[0m [1;30mLevel 1[0m create_environment_scripts_only(rmitbot_description)
[0.471s] [34mcolcon.colcon_core.environment[0m [1;30mLevel 1[0m checking '/home/v120506/rmitbot_v4/lesson6_ws/install/rmitbot_description' for CMake module files
[0.471s] [34mcolcon.colcon_core.environment[0m [1;30mLevel 1[0m checking '/home/v120506/rmitbot_v4/lesson6_ws/install/rmitbot_description' for CMake config files
[0.472s] [34mcolcon.colcon_core.shell[0m [1;30mLevel 1[0m create_environment_hook('rmitbot_description', 'cmake_prefix_path')
[0.472s] [34mcolcon.colcon_core.shell[0m [1;30mINFO[0m Creating environment hook '/home/v120506/rmitbot_v4/lesson6_ws/install/rmitbot_description/share/rmitbot_description/hook/cmake_prefix_path.ps1'
[0.472s] [34mcolcon.colcon_core.shell[0m [1;30mINFO[0m Creating environment descriptor '/home/v120506/rmitbot_v4/lesson6_ws/install/rmitbot_description/share/rmitbot_description/hook/cmake_prefix_path.dsv'
[0.472s] [34mcolcon.colcon_core.shell[0m [1;30mINFO[0m Creating environment hook '/home/v120506/rmitbot_v4/lesson6_ws/install/rmitbot_description/share/rmitbot_description/hook/cmake_prefix_path.sh'
[0.473s] [34mcolcon.colcon_core.environment[0m [1;30mLevel 1[0m checking '/home/v120506/rmitbot_v4/lesson6_ws/install/rmitbot_description/bin'
[0.473s] [34mcolcon.colcon_core.environment[0m [1;30mLevel 1[0m checking '/home/v120506/rmitbot_v4/lesson6_ws/install/rmitbot_description/lib/pkgconfig/rmitbot_description.pc'
[0.473s] [34mcolcon.colcon_core.environment[0m [1;30mLevel 1[0m checking '/home/v120506/rmitbot_v4/lesson6_ws/install/rmitbot_description/lib/python3.12/site-packages'
[0.473s] [34mcolcon.colcon_core.environment[0m [1;30mLevel 1[0m checking '/home/v120506/rmitbot_v4/lesson6_ws/install/rmitbot_description/bin'
[0.473s] [34mcolcon.colcon_core.shell[0m [1;30mINFO[0m Creating package script '/home/v120506/rmitbot_v4/lesson6_ws/install/rmitbot_description/share/rmitbot_description/package.ps1'
[0.474s] [34mcolcon.colcon_core.shell[0m [1;30mINFO[0m Creating package descriptor '/home/v120506/rmitbot_v4/lesson6_ws/install/rmitbot_description/share/rmitbot_description/package.dsv'
[0.474s] [34mcolcon.colcon_core.shell[0m [1;30mINFO[0m Creating package script '/home/v120506/rmitbot_v4/lesson6_ws/install/rmitbot_description/share/rmitbot_description/package.sh'
[0.475s] [34mcolcon.colcon_core.shell[0m [1;30mINFO[0m Creating package script '/home/v120506/rmitbot_v4/lesson6_ws/install/rmitbot_description/share/rmitbot_description/package.bash'
[0.475s] [34mcolcon.colcon_core.shell[0m [1;30mINFO[0m Creating package script '/home/v120506/rmitbot_v4/lesson6_ws/install/rmitbot_description/share/rmitbot_description/package.zsh'
[0.475s] [34mcolcon.colcon_core.environment[0m [1;30mLevel 1[0m create_file_with_runtime_dependencies(/home/v120506/rmitbot_v4/lesson6_ws/install/rmitbot_description/share/colcon-core/packages/rmitbot_description)
[0.476s] [34mcolcon.colcon_core.environment[0m [1;30mLevel 1[0m create_environment_scripts_only(rmitbot_mapping)
[0.476s] [34mcolcon.colcon_core.environment[0m [1;30mLevel 1[0m checking '/home/v120506/rmitbot_v4/lesson6_ws/install/rmitbot_mapping' for CMake module files
[0.477s] [34mcolcon.colcon_core.environment[0m [1;30mLevel 1[0m checking '/home/v120506/rmitbot_v4/lesson6_ws/install/rmitbot_mapping' for CMake config files
[0.477s] [34mcolcon.colcon_core.event_handler.log_command[0m [1;30mDEBUG[0m [32mInvoked command in '/home/v120506/rmitbot_v4/lesson6_ws/build/rmitbot_mapping' returned '0': CMAKE_PREFIX_PATH=${CMAKE_PREFIX_PATH}:/opt/ros/jazzy DEBUGINFOD_URLS=https://debuginfod.ubuntu.com /usr/bin/cmake --install /home/v120506/rmitbot_v4/lesson6_ws/build/rmitbot_mapping[0m
[0.477s] [34mcolcon.colcon_core.shell[0m [1;30mLevel 1[0m create_environment_hook('rmitbot_mapping', 'cmake_prefix_path')
[0.478s] [34mcolcon.colcon_core.shell[0m [1;30mINFO[0m Creating environment hook '/home/v120506/rmitbot_v4/lesson6_ws/install/rmitbot_mapping/share/rmitbot_mapping/hook/cmake_prefix_path.ps1'
[0.478s] [34mcolcon.colcon_core.shell[0m [1;30mINFO[0m Creating environment descriptor '/home/v120506/rmitbot_v4/lesson6_ws/install/rmitbot_mapping/share/rmitbot_mapping/hook/cmake_prefix_path.dsv'
[0.479s] [34mcolcon.colcon_core.shell[0m [1;30mINFO[0m Creating environment hook '/home/v120506/rmitbot_v4/lesson6_ws/install/rmitbot_mapping/share/rmitbot_mapping/hook/cmake_prefix_path.sh'
[0.479s] [34mcolcon.colcon_core.environment[0m [1;30mLevel 1[0m checking '/home/v120506/rmitbot_v4/lesson6_ws/install/rmitbot_mapping/bin'
[0.479s] [34mcolcon.colcon_core.environment[0m [1;30mLevel 1[0m checking '/home/v120506/rmitbot_v4/lesson6_ws/install/rmitbot_mapping/lib/pkgconfig/rmitbot_mapping.pc'
[0.479s] [34mcolcon.colcon_core.environment[0m [1;30mLevel 1[0m checking '/home/v120506/rmitbot_v4/lesson6_ws/install/rmitbot_mapping/lib/python3.12/site-packages'
[0.480s] [34mcolcon.colcon_core.environment[0m [1;30mLevel 1[0m checking '/home/v120506/rmitbot_v4/lesson6_ws/install/rmitbot_mapping/bin'
[0.480s] [34mcolcon.colcon_core.shell[0m [1;30mINFO[0m Creating package script '/home/v120506/rmitbot_v4/lesson6_ws/install/rmitbot_mapping/share/rmitbot_mapping/package.ps1'
[0.480s] [34mcolcon.colcon_core.shell[0m [1;30mINFO[0m Creating package descriptor '/home/v120506/rmitbot_v4/lesson6_ws/install/rmitbot_mapping/share/rmitbot_mapping/package.dsv'
[0.481s] [34mcolcon.colcon_core.shell[0m [1;30mINFO[0m Creating package script '/home/v120506/rmitbot_v4/lesson6_ws/install/rmitbot_mapping/share/rmitbot_mapping/package.sh'
[0.481s] [34mcolcon.colcon_core.shell[0m [1;30mINFO[0m Creating package script '/home/v120506/rmitbot_v4/lesson6_ws/install/rmitbot_mapping/share/rmitbot_mapping/package.bash'
[0.481s] [34mcolcon.colcon_core.shell[0m [1;30mINFO[0m Creating package script '/home/v120506/rmitbot_v4/lesson6_ws/install/rmitbot_mapping/share/rmitbot_mapping/package.zsh'
[0.482s] [34mcolcon.colcon_core.environment[0m [1;30mLevel 1[0m create_file_with_runtime_dependencies(/home/v120506/rmitbot_v4/lesson6_ws/install/rmitbot_mapping/share/colcon-core/packages/rmitbot_mapping)
[0.482s] [34mcolcon.colcon_core.environment[0m [1;30mLevel 1[0m create_environment_scripts_only(rmitbot_mapping)
[0.482s] [34mcolcon.colcon_core.environment[0m [1;30mLevel 1[0m checking '/home/v120506/rmitbot_v4/lesson6_ws/install/rmitbot_mapping' for CMake module files
[0.483s] [34mcolcon.colcon_core.environment[0m [1;30mLevel 1[0m checking '/home/v120506/rmitbot_v4/lesson6_ws/install/rmitbot_mapping' for CMake config files
[0.483s] [34mcolcon.colcon_core.shell[0m [1;30mLevel 1[0m create_environment_hook('rmitbot_mapping', 'cmake_prefix_path')
[0.483s] [34mcolcon.colcon_core.shell[0m [1;30mINFO[0m Creating environment hook '/home/v120506/rmitbot_v4/lesson6_ws/install/rmitbot_mapping/share/rmitbot_mapping/hook/cmake_prefix_path.ps1'
[0.483s] [34mcolcon.colcon_core.shell[0m [1;30mINFO[0m Creating environment descriptor '/home/v120506/rmitbot_v4/lesson6_ws/install/rmitbot_mapping/share/rmitbot_mapping/hook/cmake_prefix_path.dsv'
[0.483s] [34mcolcon.colcon_core.shell[0m [1;30mINFO[0m Creating environment hook '/home/v120506/rmitbot_v4/lesson6_ws/install/rmitbot_mapping/share/rmitbot_mapping/hook/cmake_prefix_path.sh'
[0.484s] [34mcolcon.colcon_core.environment[0m [1;30mLevel 1[0m checking '/home/v120506/rmitbot_v4/lesson6_ws/install/rmitbot_mapping/bin'
[0.484s] [34mcolcon.colcon_core.environment[0m [1;30mLevel 1[0m checking '/home/v120506/rmitbot_v4/lesson6_ws/install/rmitbot_mapping/lib/pkgconfig/rmitbot_mapping.pc'
[0.484s] [34mcolcon.colcon_core.environment[0m [1;30mLevel 1[0m checking '/home/v120506/rmitbot_v4/lesson6_ws/install/rmitbot_mapping/lib/python3.12/site-packages'
[0.484s] [34mcolcon.colcon_core.environment[0m [1;30mLevel 1[0m checking '/home/v120506/rmitbot_v4/lesson6_ws/install/rmitbot_mapping/bin'
[0.485s] [34mcolcon.colcon_core.shell[0m [1;30mINFO[0m Creating package script '/home/v120506/rmitbot_v4/lesson6_ws/install/rmitbot_mapping/share/rmitbot_mapping/package.ps1'
[0.485s] [34mcolcon.colcon_core.shell[0m [1;30mINFO[0m Creating package descriptor '/home/v120506/rmitbot_v4/lesson6_ws/install/rmitbot_mapping/share/rmitbot_mapping/package.dsv'
[0.486s] [34mcolcon.colcon_core.shell[0m [1;30mINFO[0m Creating package script '/home/v120506/rmitbot_v4/lesson6_ws/install/rmitbot_mapping/share/rmitbot_mapping/package.sh'
[0.486s] [34mcolcon.colcon_core.shell[0m [1;30mINFO[0m Creating package script '/home/v120506/rmitbot_v4/lesson6_ws/install/rmitbot_mapping/share/rmitbot_mapping/package.bash'
[0.486s] [34mcolcon.colcon_core.shell[0m [1;30mINFO[0m Creating package script '/home/v120506/rmitbot_v4/lesson6_ws/install/rmitbot_mapping/share/rmitbot_mapping/package.zsh'
[0.487s] [34mcolcon.colcon_core.environment[0m [1;30mLevel 1[0m create_file_with_runtime_dependencies(/home/v120506/rmitbot_v4/lesson6_ws/install/rmitbot_mapping/share/colcon-core/packages/rmitbot_mapping)
[0.487s] [34mcolcon.colcon_core.environment[0m [1;30mLevel 1[0m create_environment_scripts_only(rmitbot_localization)
[0.488s] [34mcolcon.colcon_core.environment[0m [1;30mLevel 1[0m checking '/home/v120506/rmitbot_v4/lesson6_ws/install/rmitbot_localization' for CMake module files
[0.488s] [34mcolcon.colcon_core.event_handler.log_command[0m [1;30mDEBUG[0m [32mInvoked command in '/home/v120506/rmitbot_v4/lesson6_ws/build/rmitbot_localization' returned '0': CMAKE_PREFIX_PATH=${CMAKE_PREFIX_PATH}:/opt/ros/jazzy DEBUGINFOD_URLS=https://debuginfod.ubuntu.com /usr/bin/cmake --install /home/v120506/rmitbot_v4/lesson6_ws/build/rmitbot_localization[0m
[0.488s] [34mcolcon.colcon_core.environment[0m [1;30mLevel 1[0m checking '/home/v120506/rmitbot_v4/lesson6_ws/install/rmitbot_localization' for CMake config files
[0.489s] [34mcolcon.colcon_core.shell[0m [1;30mLevel 1[0m create_environment_hook('rmitbot_localization', 'cmake_prefix_path')
[0.489s] [34mcolcon.colcon_core.shell[0m [1;30mINFO[0m Creating environment hook '/home/v120506/rmitbot_v4/lesson6_ws/install/rmitbot_localization/share/rmitbot_localization/hook/cmake_prefix_path.ps1'
[0.489s] [34mcolcon.colcon_core.shell[0m [1;30mINFO[0m Creating environment descriptor '/home/v120506/rmitbot_v4/lesson6_ws/install/rmitbot_localization/share/rmitbot_localization/hook/cmake_prefix_path.dsv'
[0.489s] [34mcolcon.colcon_core.shell[0m [1;30mINFO[0m Creating environment hook '/home/v120506/rmitbot_v4/lesson6_ws/install/rmitbot_localization/share/rmitbot_localization/hook/cmake_prefix_path.sh'
[0.490s] [34mcolcon.colcon_core.environment[0m [1;30mLevel 1[0m checking '/home/v120506/rmitbot_v4/lesson6_ws/install/rmitbot_localization/bin'
[0.490s] [34mcolcon.colcon_core.environment[0m [1;30mLevel 1[0m checking '/home/v120506/rmitbot_v4/lesson6_ws/install/rmitbot_localization/lib/pkgconfig/rmitbot_localization.pc'
[0.490s] [34mcolcon.colcon_core.environment[0m [1;30mLevel 1[0m checking '/home/v120506/rmitbot_v4/lesson6_ws/install/rmitbot_localization/lib/python3.12/site-packages'
[0.490s] [34mcolcon.colcon_core.environment[0m [1;30mLevel 1[0m checking '/home/v120506/rmitbot_v4/lesson6_ws/install/rmitbot_localization/bin'
[0.491s] [34mcolcon.colcon_core.shell[0m [1;30mINFO[0m Creating package script '/home/v120506/rmitbot_v4/lesson6_ws/install/rmitbot_localization/share/rmitbot_localization/package.ps1'
[0.491s] [34mcolcon.colcon_core.shell[0m [1;30mINFO[0m Creating package descriptor '/home/v120506/rmitbot_v4/lesson6_ws/install/rmitbot_localization/share/rmitbot_localization/package.dsv'
[0.491s] [34mcolcon.colcon_core.shell[0m [1;30mINFO[0m Creating package script '/home/v120506/rmitbot_v4/lesson6_ws/install/rmitbot_localization/share/rmitbot_localization/package.sh'
[0.491s] [34mcolcon.colcon_core.shell[0m [1;30mINFO[0m Creating package script '/home/v120506/rmitbot_v4/lesson6_ws/install/rmitbot_localization/share/rmitbot_localization/package.bash'
[0.492s] [34mcolcon.colcon_core.shell[0m [1;30mINFO[0m Creating package script '/home/v120506/rmitbot_v4/lesson6_ws/install/rmitbot_localization/share/rmitbot_localization/package.zsh'
[0.492s] [34mcolcon.colcon_core.environment[0m [1;30mLevel 1[0m create_file_with_runtime_dependencies(/home/v120506/rmitbot_v4/lesson6_ws/install/rmitbot_localization/share/colcon-core/packages/rmitbot_localization)
[0.492s] [34mcolcon.colcon_core.environment[0m [1;30mLevel 1[0m create_environment_scripts_only(rmitbot_localization)
[0.492s] [34mcolcon.colcon_core.environment[0m [1;30mLevel 1[0m checking '/home/v120506/rmitbot_v4/lesson6_ws/install/rmitbot_localization' for CMake module files
[0.493s] [34mcolcon.colcon_core.environment[0m [1;30mLevel 1[0m checking '/home/v120506/rmitbot_v4/lesson6_ws/install/rmitbot_localization' for CMake config files
[0.493s] [34mcolcon.colcon_core.shell[0m [1;30mLevel 1[0m create_environment_hook('rmitbot_localization', 'cmake_prefix_path')
[0.493s] [34mcolcon.colcon_core.shell[0m [1;30mINFO[0m Creating environment hook '/home/v120506/rmitbot_v4/lesson6_ws/install/rmitbot_localization/share/rmitbot_localization/hook/cmake_prefix_path.ps1'
[0.493s] [34mcolcon.colcon_core.shell[0m [1;30mINFO[0m Creating environment descriptor '/home/v120506/rmitbot_v4/lesson6_ws/install/rmitbot_localization/share/rmitbot_localization/hook/cmake_prefix_path.dsv'
[0.494s] [34mcolcon.colcon_core.shell[0m [1;30mINFO[0m Creating environment hook '/home/v120506/rmitbot_v4/lesson6_ws/install/rmitbot_localization/share/rmitbot_localization/hook/cmake_prefix_path.sh'
[0.494s] [34mcolcon.colcon_core.environment[0m [1;30mLevel 1[0m checking '/home/v120506/rmitbot_v4/lesson6_ws/install/rmitbot_localization/bin'
[0.494s] [34mcolcon.colcon_core.environment[0m [1;30mLevel 1[0m checking '/home/v120506/rmitbot_v4/lesson6_ws/install/rmitbot_localization/lib/pkgconfig/rmitbot_localization.pc'
[0.494s] [34mcolcon.colcon_core.environment[0m [1;30mLevel 1[0m checking '/home/v120506/rmitbot_v4/lesson6_ws/install/rmitbot_localization/lib/python3.12/site-packages'
[0.494s] [34mcolcon.colcon_core.environment[0m [1;30mLevel 1[0m checking '/home/v120506/rmitbot_v4/lesson6_ws/install/rmitbot_localization/bin'
[0.495s] [34mcolcon.colcon_core.shell[0m [1;30mINFO[0m Creating package script '/home/v120506/rmitbot_v4/lesson6_ws/install/rmitbot_localization/share/rmitbot_localization/package.ps1'
[0.495s] [34mcolcon.colcon_core.shell[0m [1;30mINFO[0m Creating package descriptor '/home/v120506/rmitbot_v4/lesson6_ws/install/rmitbot_localization/share/rmitbot_localization/package.dsv'
[0.495s] [34mcolcon.colcon_core.shell[0m [1;30mINFO[0m Creating package script '/home/v120506/rmitbot_v4/lesson6_ws/install/rmitbot_localization/share/rmitbot_localization/package.sh'
[0.496s] [34mcolcon.colcon_core.shell[0m [1;30mINFO[0m Creating package script '/home/v120506/rmitbot_v4/lesson6_ws/install/rmitbot_localization/share/rmitbot_localization/package.bash'
[0.496s] [34mcolcon.colcon_core.shell[0m [1;30mINFO[0m Creating package script '/home/v120506/rmitbot_v4/lesson6_ws/install/rmitbot_localization/share/rmitbot_localization/package.zsh'
[0.496s] [34mcolcon.colcon_core.environment[0m [1;30mLevel 1[0m create_file_with_runtime_dependencies(/home/v120506/rmitbot_v4/lesson6_ws/install/rmitbot_localization/share/colcon-core/packages/rmitbot_localization)
[0.497s] [34mcolcon.colcon_core.environment[0m [1;30mLevel 1[0m create_environment_scripts_only(rmitbot_vision)
[0.497s] [34mcolcon.colcon_core.environment[0m [1;30mLevel 1[0m checking '/home/v120506/rmitbot_v4/lesson6_ws/install/rmitbot_vision' for CMake module files
[0.498s] [34mcolcon.colcon_core.environment[0m [1;30mLevel 1[0m checking '/home/v120506/rmitbot_v4/lesson6_ws/install/rmitbot_vision' for CMake config files
[0.498s] [34mcolcon.colcon_core.event_handler.log_command[0m [1;30mDEBUG[0m [32mInvoked command in '/home/v120506/rmitbot_v4/lesson6_ws/build/rmitbot_vision' returned '0': CMAKE_PREFIX_PATH=${CMAKE_PREFIX_PATH}:/opt/ros/jazzy DEBUGINFOD_URLS=https://debuginfod.ubuntu.com /usr/bin/cmake --install /home/v120506/rmitbot_v4/lesson6_ws/build/rmitbot_vision[0m
[0.498s] [34mcolcon.colcon_core.shell[0m [1;30mLevel 1[0m create_environment_hook('rmitbot_vision', 'cmake_prefix_path')
[0.498s] [34mcolcon.colcon_core.shell[0m [1;30mINFO[0m Creating environment hook '/home/v120506/rmitbot_v4/lesson6_ws/install/rmitbot_vision/share/rmitbot_vision/hook/cmake_prefix_path.ps1'
[0.499s] [34mcolcon.colcon_core.shell[0m [1;30mINFO[0m Creating environment descriptor '/home/v120506/rmitbot_v4/lesson6_ws/install/rmitbot_vision/share/rmitbot_vision/hook/cmake_prefix_path.dsv'
[0.499s] [34mcolcon.colcon_core.shell[0m [1;30mINFO[0m Creating environment hook '/home/v120506/rmitbot_v4/lesson6_ws/install/rmitbot_vision/share/rmitbot_vision/hook/cmake_prefix_path.sh'
[0.499s] [34mcolcon.colcon_core.environment[0m [1;30mLevel 1[0m checking '/home/v120506/rmitbot_v4/lesson6_ws/install/rmitbot_vision/bin'
[0.499s] [34mcolcon.colcon_core.environment[0m [1;30mLevel 1[0m checking '/home/v120506/rmitbot_v4/lesson6_ws/install/rmitbot_vision/lib/pkgconfig/rmitbot_vision.pc'
[0.500s] [34mcolcon.colcon_core.environment[0m [1;30mLevel 1[0m checking '/home/v120506/rmitbot_v4/lesson6_ws/install/rmitbot_vision/lib/python3.12/site-packages'
[0.500s] [34mcolcon.colcon_core.environment[0m [1;30mLevel 1[0m checking '/home/v120506/rmitbot_v4/lesson6_ws/install/rmitbot_vision/bin'
[0.500s] [34mcolcon.colcon_core.shell[0m [1;30mINFO[0m Creating package script '/home/v120506/rmitbot_v4/lesson6_ws/install/rmitbot_vision/share/rmitbot_vision/package.ps1'
[0.500s] [34mcolcon.colcon_core.shell[0m [1;30mINFO[0m Creating package descriptor '/home/v120506/rmitbot_v4/lesson6_ws/install/rmitbot_vision/share/rmitbot_vision/package.dsv'
[0.501s] [34mcolcon.colcon_core.shell[0m [1;30mINFO[0m Creating package script '/home/v120506/rmitbot_v4/lesson6_ws/install/rmitbot_vision/share/rmitbot_vision/package.sh'
[0.501s] [34mcolcon.colcon_core.shell[0m [1;30mINFO[0m Creating package script '/home/v120506/rmitbot_v4/lesson6_ws/install/rmitbot_vision/share/rmitbot_vision/package.bash'
[0.501s] [34mcolcon.colcon_core.shell[0m [1;30mINFO[0m Creating package script '/home/v120506/rmitbot_v4/lesson6_ws/install/rmitbot_vision/share/rmitbot_vision/package.zsh'
[0.501s] [34mcolcon.colcon_core.environment[0m [1;30mLevel 1[0m create_file_with_runtime_dependencies(/home/v120506/rmitbot_v4/lesson6_ws/install/rmitbot_vision/share/colcon-core/packages/rmitbot_vision)
[0.502s] [34mcolcon.colcon_core.environment[0m [1;30mLevel 1[0m create_environment_scripts_only(rmitbot_vision)
[0.502s] [34mcolcon.colcon_core.environment[0m [1;30mLevel 1[0m checking '/home/v120506/rmitbot_v4/lesson6_ws/install/rmitbot_vision' for CMake module files
[0.502s] [34mcolcon.colcon_core.environment[0m [1;30mLevel 1[0m checking '/home/v120506/rmitbot_v4/lesson6_ws/install/rmitbot_vision' for CMake config files
[0.503s] [34mcolcon.colcon_core.shell[0m [1;30mLevel 1[0m create_environment_hook('rmitbot_vision', 'cmake_prefix_path')
[0.503s] [34mcolcon.colcon_core.shell[0m [1;30mINFO[0m Creating environment hook '/home/v120506/rmitbot_v4/lesson6_ws/install/rmitbot_vision/share/rmitbot_vision/hook/cmake_prefix_path.ps1'
[0.503s] [34mcolcon.colcon_core.shell[0m [1;30mINFO[0m Creating environment descriptor '/home/v120506/rmitbot_v4/lesson6_ws/install/rmitbot_vision/share/rmitbot_vision/hook/cmake_prefix_path.dsv'
[0.503s] [34mcolcon.colcon_core.shell[0m [1;30mINFO[0m Creating environment hook '/home/v120506/rmitbot_v4/lesson6_ws/install/rmitbot_vision/share/rmitbot_vision/hook/cmake_prefix_path.sh'
[0.504s] [34mcolcon.colcon_core.environment[0m [1;30mLevel 1[0m checking '/home/v120506/rmitbot_v4/lesson6_ws/install/rmitbot_vision/bin'
[0.504s] [34mcolcon.colcon_core.environment[0m [1;30mLevel 1[0m checking '/home/v120506/rmitbot_v4/lesson6_ws/install/rmitbot_vision/lib/pkgconfig/rmitbot_vision.pc'
[0.504s] [34mcolcon.colcon_core.environment[0m [1;30mLevel 1[0m checking '/home/v120506/rmitbot_v4/lesson6_ws/install/rmitbot_vision/lib/python3.12/site-packages'
[0.505s] [34mcolcon.colcon_core.environment[0m [1;30mLevel 1[0m checking '/home/v120506/rmitbot_v4/lesson6_ws/install/rmitbot_vision/bin'
[0.505s] [34mcolcon.colcon_core.shell[0m [1;30mINFO[0m Creating package script '/home/v120506/rmitbot_v4/lesson6_ws/install/rmitbot_vision/share/rmitbot_vision/package.ps1'
[0.506s] [34mcolcon.colcon_core.shell[0m [1;30mINFO[0m Creating package descriptor '/home/v120506/rmitbot_v4/lesson6_ws/install/rmitbot_vision/share/rmitbot_vision/package.dsv'
[0.506s] [34mcolcon.colcon_core.shell[0m [1;30mINFO[0m Creating package script '/home/v120506/rmitbot_v4/lesson6_ws/install/rmitbot_vision/share/rmitbot_vision/package.sh'
[0.506s] [34mcolcon.colcon_core.shell[0m [1;30mINFO[0m Creating package script '/home/v120506/rmitbot_v4/lesson6_ws/install/rmitbot_vision/share/rmitbot_vision/package.bash'
[0.507s] [34mcolcon.colcon_core.shell[0m [1;30mINFO[0m Creating package script '/home/v120506/rmitbot_v4/lesson6_ws/install/rmitbot_vision/share/rmitbot_vision/package.zsh'
[0.507s] [34mcolcon.colcon_core.environment[0m [1;30mLevel 1[0m create_file_with_runtime_dependencies(/home/v120506/rmitbot_v4/lesson6_ws/install/rmitbot_vision/share/colcon-core/packages/rmitbot_vision)
[0.507s] [34mcolcon.colcon_core.environment[0m [1;30mLevel 1[0m create_environment_scripts_only(rmitbot_navigation)
[0.507s] [34mcolcon.colcon_core.environment[0m [1;30mLevel 1[0m checking '/home/v120506/rmitbot_v4/lesson6_ws/install/rmitbot_navigation' for CMake module files
[0.508s] [34mcolcon.colcon_core.environment[0m [1;30mLevel 1[0m checking '/home/v120506/rmitbot_v4/lesson6_ws/install/rmitbot_navigation' for CMake config files
[0.508s] [34mcolcon.colcon_core.event_handler.log_command[0m [1;30mDEBUG[0m [32mInvoked command in '/home/v120506/rmitbot_v4/lesson6_ws/build/rmitbot_navigation' returned '0': CMAKE_PREFIX_PATH=${CMAKE_PREFIX_PATH}:/opt/ros/jazzy DEBUGINFOD_URLS=https://debuginfod.ubuntu.com /usr/bin/cmake --install /home/v120506/rmitbot_v4/lesson6_ws/build/rmitbot_navigation[0m
[0.508s] [34mcolcon.colcon_core.shell[0m [1;30mLevel 1[0m create_environment_hook('rmitbot_navigation', 'cmake_prefix_path')
[0.508s] [34mcolcon.colcon_core.shell[0m [1;30mINFO[0m Creating environment hook '/home/v120506/rmitbot_v4/lesson6_ws/install/rmitbot_navigation/share/rmitbot_navigation/hook/cmake_prefix_path.ps1'
[0.509s] [34mcolcon.colcon_core.shell[0m [1;30mINFO[0m Creating environment descriptor '/home/v120506/rmitbot_v4/lesson6_ws/install/rmitbot_navigation/share/rmitbot_navigation/hook/cmake_prefix_path.dsv'
[0.509s] [34mcolcon.colcon_core.shell[0m [1;30mINFO[0m Creating environment hook '/home/v120506/rmitbot_v4/lesson6_ws/install/rmitbot_navigation/share/rmitbot_navigation/hook/cmake_prefix_path.sh'
[0.509s] [34mcolcon.colcon_core.environment[0m [1;30mLevel 1[0m checking '/home/v120506/rmitbot_v4/lesson6_ws/install/rmitbot_navigation/bin'
[0.509s] [34mcolcon.colcon_core.environment[0m [1;30mLevel 1[0m checking '/home/v120506/rmitbot_v4/lesson6_ws/install/rmitbot_navigation/lib/pkgconfig/rmitbot_navigation.pc'
[0.510s] [34mcolcon.colcon_core.environment[0m [1;30mLevel 1[0m checking '/home/v120506/rmitbot_v4/lesson6_ws/install/rmitbot_navigation/lib/python3.12/site-packages'
[0.510s] [34mcolcon.colcon_core.environment[0m [1;30mLevel 1[0m checking '/home/v120506/rmitbot_v4/lesson6_ws/install/rmitbot_navigation/bin'
[0.510s] [34mcolcon.colcon_core.shell[0m [1;30mINFO[0m Creating package script '/home/v120506/rmitbot_v4/lesson6_ws/install/rmitbot_navigation/share/rmitbot_navigation/package.ps1'
[0.510s] [34mcolcon.colcon_core.shell[0m [1;30mINFO[0m Creating package descriptor '/home/v120506/rmitbot_v4/lesson6_ws/install/rmitbot_navigation/share/rmitbot_navigation/package.dsv'
[0.511s] [34mcolcon.colcon_core.shell[0m [1;30mINFO[0m Creating package script '/home/v120506/rmitbot_v4/lesson6_ws/install/rmitbot_navigation/share/rmitbot_navigation/package.sh'
[0.511s] [34mcolcon.colcon_core.shell[0m [1;30mINFO[0m Creating package script '/home/v120506/rmitbot_v4/lesson6_ws/install/rmitbot_navigation/share/rmitbot_navigation/package.bash'
[0.511s] [34mcolcon.colcon_core.shell[0m [1;30mINFO[0m Creating package script '/home/v120506/rmitbot_v4/lesson6_ws/install/rmitbot_navigation/share/rmitbot_navigation/package.zsh'
[0.511s] [34mcolcon.colcon_core.environment[0m [1;30mLevel 1[0m create_file_with_runtime_dependencies(/home/v120506/rmitbot_v4/lesson6_ws/install/rmitbot_navigation/share/colcon-core/packages/rmitbot_navigation)
[0.512s] [34mcolcon.colcon_core.environment[0m [1;30mLevel 1[0m create_environment_scripts_only(rmitbot_navigation)
[0.512s] [34mcolcon.colcon_core.environment[0m [1;30mLevel 1[0m checking '/home/v120506/rmitbot_v4/lesson6_ws/install/rmitbot_navigation' for CMake module files
[0.512s] [34mcolcon.colcon_core.environment[0m [1;30mLevel 1[0m checking '/home/v120506/rmitbot_v4/lesson6_ws/install/rmitbot_navigation' for CMake config files
[0.512s] [34mcolcon.colcon_core.shell[0m [1;30mLevel 1[0m create_environment_hook('rmitbot_navigation', 'cmake_prefix_path')
[0.513s] [34mcolcon.colcon_core.shell[0m [1;30mINFO[0m Creating environment hook '/home/v120506/rmitbot_v4/lesson6_ws/install/rmitbot_navigation/share/rmitbot_navigation/hook/cmake_prefix_path.ps1'
[0.513s] [34mcolcon.colcon_core.shell[0m [1;30mINFO[0m Creating environment descriptor '/home/v120506/rmitbot_v4/lesson6_ws/install/rmitbot_navigation/share/rmitbot_navigation/hook/cmake_prefix_path.dsv'
[0.513s] [34mcolcon.colcon_core.shell[0m [1;30mINFO[0m Creating environment hook '/home/v120506/rmitbot_v4/lesson6_ws/install/rmitbot_navigation/share/rmitbot_navigation/hook/cmake_prefix_path.sh'
[0.514s] [34mcolcon.colcon_core.environment[0m [1;30mLevel 1[0m checking '/home/v120506/rmitbot_v4/lesson6_ws/install/rmitbot_navigation/bin'
[0.514s] [34mcolcon.colcon_core.environment[0m [1;30mLevel 1[0m checking '/home/v120506/rmitbot_v4/lesson6_ws/install/rmitbot_navigation/lib/pkgconfig/rmitbot_navigation.pc'
[0.514s] [34mcolcon.colcon_core.environment[0m [1;30mLevel 1[0m checking '/home/v120506/rmitbot_v4/lesson6_ws/install/rmitbot_navigation/lib/python3.12/site-packages'
[0.515s] [34mcolcon.colcon_core.environment[0m [1;30mLevel 1[0m checking '/home/v120506/rmitbot_v4/lesson6_ws/install/rmitbot_navigation/bin'
[0.515s] [34mcolcon.colcon_core.shell[0m [1;30mINFO[0m Creating package script '/home/v120506/rmitbot_v4/lesson6_ws/install/rmitbot_navigation/share/rmitbot_navigation/package.ps1'
[0.515s] [34mcolcon.colcon_core.shell[0m [1;30mINFO[0m Creating package descriptor '/home/v120506/rmitbot_v4/lesson6_ws/install/rmitbot_navigation/share/rmitbot_navigation/package.dsv'
[0.516s] [34mcolcon.colcon_core.shell[0m [1;30mINFO[0m Creating package script '/home/v120506/rmitbot_v4/lesson6_ws/install/rmitbot_navigation/share/rmitbot_navigation/package.sh'
[0.516s] [34mcolcon.colcon_core.shell[0m [1;30mINFO[0m Creating package script '/home/v120506/rmitbot_v4/lesson6_ws/install/rmitbot_navigation/share/rmitbot_navigation/package.bash'
[0.516s] [34mcolcon.colcon_core.shell[0m [1;30mINFO[0m Creating package script '/home/v120506/rmitbot_v4/lesson6_ws/install/rmitbot_navigation/share/rmitbot_navigation/package.zsh'
[0.517s] [34mcolcon.colcon_core.environment[0m [1;30mLevel 1[0m create_file_with_runtime_dependencies(/home/v120506/rmitbot_v4/lesson6_ws/install/rmitbot_navigation/share/colcon-core/packages/rmitbot_navigation)
[0.517s] [34mcolcon.colcon_parallel_executor.executor.parallel[0m [1;30mDEBUG[0m [32mclosing loop[0m
[0.517s] [34mcolcon.colcon_parallel_executor.executor.parallel[0m [1;30mDEBUG[0m [32mloop closed[0m
[0.517s] [34mcolcon.colcon_parallel_executor.executor.parallel[0m [1;30mDEBUG[0m [32mrun_until_complete finished with '0'[0m
[0.517s] [34mcolcon.colcon_core.event_reactor[0m [1;30mDEBUG[0m [32mjoining thread[0m
[0.527s] [34mcolcon.colcon_core.plugin_system[0m [1;30mINFO[0m Skipping extension 'colcon_notification.desktop_notification.terminal_notifier': Not used on non-Darwin systems
[0.527s] [34mcolcon.colcon_core.plugin_system[0m [1;30mINFO[0m Skipping extension 'colcon_notification.desktop_notification.win32': Not used on non-Windows systems
[0.527s] [34mcolcon.colcon_notification.desktop_notification[0m [1;30mINFO[0m Sending desktop notification using 'notify2'
[0.540s] [34mcolcon.colcon_core.event_reactor[0m [1;30mDEBUG[0m [32mjoined thread[0m
[0.541s] [34mcolcon.colcon_core.shell[0m [1;30mINFO[0m Creating prefix script '/home/v120506/rmitbot_v4/lesson6_ws/install/local_setup.ps1'
[0.542s] [34mcolcon.colcon_core.shell[0m [1;30mINFO[0m Creating prefix util module '/home/v120506/rmitbot_v4/lesson6_ws/install/_local_setup_util_ps1.py'
[0.543s] [34mcolcon.colcon_core.shell[0m [1;30mINFO[0m Creating prefix chain script '/home/v120506/rmitbot_v4/lesson6_ws/install/setup.ps1'
[0.545s] [34mcolcon.colcon_core.shell[0m [1;30mINFO[0m Creating prefix script '/home/v120506/rmitbot_v4/lesson6_ws/install/local_setup.sh'
[0.546s] [34mcolcon.colcon_core.shell[0m [1;30mINFO[0m Creating prefix util module '/home/v120506/rmitbot_v4/lesson6_ws/install/_local_setup_util_sh.py'
[0.546s] [34mcolcon.colcon_core.shell[0m [1;30mINFO[0m Creating prefix chain script '/home/v120506/rmitbot_v4/lesson6_ws/install/setup.sh'
[0.548s] [34mcolcon.colcon_core.shell[0m [1;30mINFO[0m Creating prefix script '/home/v120506/rmitbot_v4/lesson6_ws/install/local_setup.bash'
[0.549s] [34mcolcon.colcon_core.shell[0m [1;30mINFO[0m Creating prefix chain script '/home/v120506/rmitbot_v4/lesson6_ws/install/setup.bash'
[0.551s] [34mcolcon.colcon_core.shell[0m [1;30mINFO[0m Creating prefix script '/home/v120506/rmitbot_v4/lesson6_ws/install/local_setup.zsh'
[0.551s] [34mcolcon.colcon_core.shell[0m [1;30mINFO[0m Creating prefix chain script '/home/v120506/rmitbot_v4/lesson6_ws/install/setup.zsh'
